<html>
<body>
<pre>
<h1>µVision Build Log</h1>
<h2>Tool Versions:</h2>
IDE-Version: ¦ÌVision V5.20.0.0
Copyright (C) 2016 ARM Ltd and ARM Germany GmbH. All rights reserved.
License Information: 123 Administrator, 123, LIC=----
 
Tool Versions:
Toolchain:       MDK-Lite  Version: 5.20
Toolchain Path:  D:\Program Files\Keil_v5\ARM\ARMCC\Bin
C Compiler:      Armcc.exe V5.06 update 2 (build 183)
Assembler:       Armasm.exe V5.06 update 2 (build 183)
Linker/Locator:  ArmLink.exe V5.06 update 2 (build 183)
Library Manager: ArmAr.exe V5.06 update 2 (build 183)
Hex Converter:   FromElf.exe V5.06 update 2 (build 183)
CPU DLL:         SARMCM3.DLL V5.20
Dialog DLL:      DARMCM1.DLL V1.14.0.0
Target DLL:      UL2CM3.DLL V1.157.18.0
Dialog DLL:      TARMCM1.DLL V1.10.0.0
 
<h2>Project:</h2>
E:\CodesPath\MDK ARM\lpc11xx_bootloader\Keil\bootloader.uvprojx
Project File Date:  06/21/2016

<h2>Output:</h2>
*** Using Compiler 'V5.06 update 2 (build 183)', folder: 'D:\Program Files\Keil_v5\ARM\ARMCC\Bin'
Rebuild target 'lpc11xx'
assembling startup_LPC11xx.s...
compiling FlashDev.c...
compiling system_LPC11xx.c...
compiling FlashPrg.c...
compiling LPC11xx_uart.c...
compiling LPC11xx_debug.c...
compiling bootloder.c...
..\main\bootloder.c(85): warning:  #550-D: parameter "recvEndAddr" was set but never used
  static int receiveAppData(uint32_t* pRecvCnt, uint8_t* recvEndAddr)
..\main\bootloder.c: 1 warning, 0 errors
linking...
Program Size: Code=2160 RO-data=388 RW-data=8 ZI-data=644  
FromELF: creating hex file...
".\Objects\bootloader.axf" - 0 Error(s), 1 Warning(s).

<h2>Collection of Component include folders:</h2>
  E:\CodesPath\MDK ARM\lpc11xx_bootloader\Keil\RTE
  D:\Program Files\Keil_v5\ARM\PACK\Keil\LPC1100_DFP\1.4.0\Device\Include\LPC11xx

<h2>Collection of Component Files used:</h2>
Build Time Elapsed:  00:00:01
</pre>
</body>
</html>
