Archive member included to satisfy reference by file (symbol)

d:/openfree/gcc-arm-none-eabi-10.3-2021.10/bin/../lib/gcc/arm-none-eabi/10.3.1/../../../../arm-none-eabi/lib/thumb/v6-m/nofp\libc_nano.a(lib_a-exit.o)
                              d:/openfree/gcc-arm-none-eabi-10.3-2021.10/bin/../lib/gcc/arm-none-eabi/10.3.1/../../../../arm-none-eabi/lib/thumb/v6-m/nofp/crt0.o (exit)
d:/openfree/gcc-arm-none-eabi-10.3-2021.10/bin/../lib/gcc/arm-none-eabi/10.3.1/../../../../arm-none-eabi/lib/thumb/v6-m/nofp\libc_nano.a(lib_a-impure.o)
                              d:/openfree/gcc-arm-none-eabi-10.3-2021.10/bin/../lib/gcc/arm-none-eabi/10.3.1/../../../../arm-none-eabi/lib/thumb/v6-m/nofp\libc_nano.a(lib_a-exit.o) (_global_impure_ptr)
d:/openfree/gcc-arm-none-eabi-10.3-2021.10/bin/../lib/gcc/arm-none-eabi/10.3.1/../../../../arm-none-eabi/lib/thumb/v6-m/nofp\libc_nano.a(lib_a-init.o)
                              d:/openfree/gcc-arm-none-eabi-10.3-2021.10/bin/../lib/gcc/arm-none-eabi/10.3.1/../../../../arm-none-eabi/lib/thumb/v6-m/nofp/crt0.o (__libc_init_array)
d:/openfree/gcc-arm-none-eabi-10.3-2021.10/bin/../lib/gcc/arm-none-eabi/10.3.1/../../../../arm-none-eabi/lib/thumb/v6-m/nofp\libc_nano.a(lib_a-memset.o)
                              d:/openfree/gcc-arm-none-eabi-10.3-2021.10/bin/../lib/gcc/arm-none-eabi/10.3.1/../../../../arm-none-eabi/lib/thumb/v6-m/nofp/crt0.o (memset)
d:/openfree/gcc-arm-none-eabi-10.3-2021.10/bin/../lib/gcc/arm-none-eabi/10.3.1/thumb/v6-m/nofp\libgcc.a(_udivsi3.o)
                              build\.objs\.\lpc_bt.elf\cross\arm\debug\drivers\src\LPC11xx_uart.c.o (__aeabi_uidiv)
d:/openfree/gcc-arm-none-eabi-10.3-2021.10/bin/../lib/gcc/arm-none-eabi/10.3.1/thumb/v6-m/nofp\libgcc.a(_dvmd_tls.o)
                              d:/openfree/gcc-arm-none-eabi-10.3-2021.10/bin/../lib/gcc/arm-none-eabi/10.3.1/thumb/v6-m/nofp\libgcc.a(_udivsi3.o) (__aeabi_idiv0)
d:/openfree/gcc-arm-none-eabi-10.3-2021.10/bin/../lib/gcc/arm-none-eabi/10.3.1/../../../../arm-none-eabi/lib/thumb/v6-m/nofp\libnosys.a(_exit.o)
                              d:/openfree/gcc-arm-none-eabi-10.3-2021.10/bin/../lib/gcc/arm-none-eabi/10.3.1/../../../../arm-none-eabi/lib/thumb/v6-m/nofp\libc_nano.a(lib_a-exit.o) (_exit)

Discarded input sections

 .text          0x00000000        0x0 d:/openfree/gcc-arm-none-eabi-10.3-2021.10/bin/../lib/gcc/arm-none-eabi/10.3.1/thumb/v6-m/nofp/crti.o
 .data          0x00000000        0x0 d:/openfree/gcc-arm-none-eabi-10.3-2021.10/bin/../lib/gcc/arm-none-eabi/10.3.1/thumb/v6-m/nofp/crti.o
 .bss           0x00000000        0x0 d:/openfree/gcc-arm-none-eabi-10.3-2021.10/bin/../lib/gcc/arm-none-eabi/10.3.1/thumb/v6-m/nofp/crti.o
 .text          0x00000000       0x48 d:/openfree/gcc-arm-none-eabi-10.3-2021.10/bin/../lib/gcc/arm-none-eabi/10.3.1/thumb/v6-m/nofp/crtbegin.o
 .data          0x00000000        0x4 d:/openfree/gcc-arm-none-eabi-10.3-2021.10/bin/../lib/gcc/arm-none-eabi/10.3.1/thumb/v6-m/nofp/crtbegin.o
 .bss           0x00000000       0x1c d:/openfree/gcc-arm-none-eabi-10.3-2021.10/bin/../lib/gcc/arm-none-eabi/10.3.1/thumb/v6-m/nofp/crtbegin.o
 .rodata        0x00000000       0x24 d:/openfree/gcc-arm-none-eabi-10.3-2021.10/bin/../lib/gcc/arm-none-eabi/10.3.1/thumb/v6-m/nofp/crtbegin.o
 .init_array    0x00000000        0x4 d:/openfree/gcc-arm-none-eabi-10.3-2021.10/bin/../lib/gcc/arm-none-eabi/10.3.1/thumb/v6-m/nofp/crtbegin.o
 .fini_array    0x00000000        0x4 d:/openfree/gcc-arm-none-eabi-10.3-2021.10/bin/../lib/gcc/arm-none-eabi/10.3.1/thumb/v6-m/nofp/crtbegin.o
 .eh_frame      0x00000000        0x0 d:/openfree/gcc-arm-none-eabi-10.3-2021.10/bin/../lib/gcc/arm-none-eabi/10.3.1/thumb/v6-m/nofp/crtbegin.o
 .ARM.attributes
                0x00000000       0x2c d:/openfree/gcc-arm-none-eabi-10.3-2021.10/bin/../lib/gcc/arm-none-eabi/10.3.1/thumb/v6-m/nofp/crtbegin.o
 .text          0x00000000       0x80 d:/openfree/gcc-arm-none-eabi-10.3-2021.10/bin/../lib/gcc/arm-none-eabi/10.3.1/../../../../arm-none-eabi/lib/thumb/v6-m/nofp/crt0.o
 .data          0x00000000        0x0 d:/openfree/gcc-arm-none-eabi-10.3-2021.10/bin/../lib/gcc/arm-none-eabi/10.3.1/../../../../arm-none-eabi/lib/thumb/v6-m/nofp/crt0.o
 .bss           0x00000000        0x0 d:/openfree/gcc-arm-none-eabi-10.3-2021.10/bin/../lib/gcc/arm-none-eabi/10.3.1/../../../../arm-none-eabi/lib/thumb/v6-m/nofp/crt0.o
 .ARM.extab     0x00000000        0x0 d:/openfree/gcc-arm-none-eabi-10.3-2021.10/bin/../lib/gcc/arm-none-eabi/10.3.1/../../../../arm-none-eabi/lib/thumb/v6-m/nofp/crt0.o
 .ARM.exidx     0x00000000       0x10 d:/openfree/gcc-arm-none-eabi-10.3-2021.10/bin/../lib/gcc/arm-none-eabi/10.3.1/../../../../arm-none-eabi/lib/thumb/v6-m/nofp/crt0.o
 .ARM.attributes
                0x00000000       0x1b d:/openfree/gcc-arm-none-eabi-10.3-2021.10/bin/../lib/gcc/arm-none-eabi/10.3.1/../../../../arm-none-eabi/lib/thumb/v6-m/nofp/crt0.o
 .text          0x00000000        0x0 build\.objs\.\lpc_bt.elf\cross\arm\debug\cr_startup_lpc11xx.c.o
 .data          0x00000000        0x0 build\.objs\.\lpc_bt.elf\cross\arm\debug\cr_startup_lpc11xx.c.o
 .bss           0x00000000        0x0 build\.objs\.\lpc_bt.elf\cross\arm\debug\cr_startup_lpc11xx.c.o
 .text          0x00000000        0x0 build\.objs\.\lpc_bt.elf\cross\arm\debug\main\bootloder.c.o
 .data          0x00000000        0x0 build\.objs\.\lpc_bt.elf\cross\arm\debug\main\bootloder.c.o
 .bss           0x00000000        0x0 build\.objs\.\lpc_bt.elf\cross\arm\debug\main\bootloder.c.o
 .text          0x00000000        0x0 build\.objs\.\lpc_bt.elf\cross\arm\debug\iap\src\FlashDev.c.o
 .data          0x00000000        0x0 build\.objs\.\lpc_bt.elf\cross\arm\debug\iap\src\FlashDev.c.o
 .bss           0x00000000        0x0 build\.objs\.\lpc_bt.elf\cross\arm\debug\iap\src\FlashDev.c.o
 .rodata.FlashDevice
                0x00000000     0x10a0 build\.objs\.\lpc_bt.elf\cross\arm\debug\iap\src\FlashDev.c.o
 .debug_info    0x00000000      0x13f build\.objs\.\lpc_bt.elf\cross\arm\debug\iap\src\FlashDev.c.o
 .debug_abbrev  0x00000000       0x94 build\.objs\.\lpc_bt.elf\cross\arm\debug\iap\src\FlashDev.c.o
 .debug_aranges
                0x00000000       0x18 build\.objs\.\lpc_bt.elf\cross\arm\debug\iap\src\FlashDev.c.o
 .debug_line    0x00000000       0x48 build\.objs\.\lpc_bt.elf\cross\arm\debug\iap\src\FlashDev.c.o
 .debug_str     0x00000000      0x188 build\.objs\.\lpc_bt.elf\cross\arm\debug\iap\src\FlashDev.c.o
 .comment       0x00000000       0x4a build\.objs\.\lpc_bt.elf\cross\arm\debug\iap\src\FlashDev.c.o
 .ARM.attributes
                0x00000000       0x2c build\.objs\.\lpc_bt.elf\cross\arm\debug\iap\src\FlashDev.c.o
 .text          0x00000000        0x0 build\.objs\.\lpc_bt.elf\cross\arm\debug\iap\src\FlashPrg.c.o
 .data          0x00000000        0x0 build\.objs\.\lpc_bt.elf\cross\arm\debug\iap\src\FlashPrg.c.o
 .bss           0x00000000        0x0 build\.objs\.\lpc_bt.elf\cross\arm\debug\iap\src\FlashPrg.c.o
 .text.Init     0x00000000       0x58 build\.objs\.\lpc_bt.elf\cross\arm\debug\iap\src\FlashPrg.c.o
 .text.UnInit   0x00000000       0x12 build\.objs\.\lpc_bt.elf\cross\arm\debug\iap\src\FlashPrg.c.o
 .text.EraseChip
                0x00000000       0x78 build\.objs\.\lpc_bt.elf\cross\arm\debug\iap\src\FlashPrg.c.o
 .text          0x00000000        0x0 build\.objs\.\lpc_bt.elf\cross\arm\debug\drivers\src\LPC11xx_debug.c.o
 .data          0x00000000        0x0 build\.objs\.\lpc_bt.elf\cross\arm\debug\drivers\src\LPC11xx_debug.c.o
 .bss           0x00000000        0x0 build\.objs\.\lpc_bt.elf\cross\arm\debug\drivers\src\LPC11xx_debug.c.o
 .text.DEBUGPutHex
                0x00000000       0x80 build\.objs\.\lpc_bt.elf\cross\arm\debug\drivers\src\LPC11xx_debug.c.o
 .text.DEBUGDataReady
                0x00000000       0x1c build\.objs\.\lpc_bt.elf\cross\arm\debug\drivers\src\LPC11xx_debug.c.o
 .text.DebugInit
                0x00000000        0xe build\.objs\.\lpc_bt.elf\cross\arm\debug\drivers\src\LPC11xx_debug.c.o
 .text          0x00000000        0x0 build\.objs\.\lpc_bt.elf\cross\arm\debug\drivers\src\LPC11xx_uart.c.o
 .data          0x00000000        0x0 build\.objs\.\lpc_bt.elf\cross\arm\debug\drivers\src\LPC11xx_uart.c.o
 .bss           0x00000000        0x0 build\.objs\.\lpc_bt.elf\cross\arm\debug\drivers\src\LPC11xx_uart.c.o
 .text.UART_DeInit
                0x00000000       0x24 build\.objs\.\lpc_bt.elf\cross\arm\debug\drivers\src\LPC11xx_uart.c.o
 .text.UART_GetLineStatus
                0x00000000       0x14 build\.objs\.\lpc_bt.elf\cross\arm\debug\drivers\src\LPC11xx_uart.c.o
 .text          0x00000000        0x0 build\.objs\.\lpc_bt.elf\cross\arm\debug\Core\Device\NXP\LPC11xx\Source\Templates\system_LPC11xx.c.o
 .data          0x00000000        0x0 build\.objs\.\lpc_bt.elf\cross\arm\debug\Core\Device\NXP\LPC11xx\Source\Templates\system_LPC11xx.c.o
 .bss           0x00000000        0x0 build\.objs\.\lpc_bt.elf\cross\arm\debug\Core\Device\NXP\LPC11xx\Source\Templates\system_LPC11xx.c.o
 .text          0x00000000        0x0 d:/openfree/gcc-arm-none-eabi-10.3-2021.10/bin/../lib/gcc/arm-none-eabi/10.3.1/../../../../arm-none-eabi/lib/thumb/v6-m/nofp\libc_nano.a(lib_a-exit.o)
 .data          0x00000000        0x0 d:/openfree/gcc-arm-none-eabi-10.3-2021.10/bin/../lib/gcc/arm-none-eabi/10.3.1/../../../../arm-none-eabi/lib/thumb/v6-m/nofp\libc_nano.a(lib_a-exit.o)
 .bss           0x00000000        0x0 d:/openfree/gcc-arm-none-eabi-10.3-2021.10/bin/../lib/gcc/arm-none-eabi/10.3.1/../../../../arm-none-eabi/lib/thumb/v6-m/nofp\libc_nano.a(lib_a-exit.o)
 .text.exit     0x00000000       0x2c d:/openfree/gcc-arm-none-eabi-10.3-2021.10/bin/../lib/gcc/arm-none-eabi/10.3.1/../../../../arm-none-eabi/lib/thumb/v6-m/nofp\libc_nano.a(lib_a-exit.o)
 .debug_frame   0x00000000       0x28 d:/openfree/gcc-arm-none-eabi-10.3-2021.10/bin/../lib/gcc/arm-none-eabi/10.3.1/../../../../arm-none-eabi/lib/thumb/v6-m/nofp\libc_nano.a(lib_a-exit.o)
 .ARM.attributes
                0x00000000       0x2c d:/openfree/gcc-arm-none-eabi-10.3-2021.10/bin/../lib/gcc/arm-none-eabi/10.3.1/../../../../arm-none-eabi/lib/thumb/v6-m/nofp\libc_nano.a(lib_a-exit.o)
 .text          0x00000000        0x0 d:/openfree/gcc-arm-none-eabi-10.3-2021.10/bin/../lib/gcc/arm-none-eabi/10.3.1/../../../../arm-none-eabi/lib/thumb/v6-m/nofp\libc_nano.a(lib_a-impure.o)
 .data          0x00000000        0x0 d:/openfree/gcc-arm-none-eabi-10.3-2021.10/bin/../lib/gcc/arm-none-eabi/10.3.1/../../../../arm-none-eabi/lib/thumb/v6-m/nofp\libc_nano.a(lib_a-impure.o)
 .bss           0x00000000        0x0 d:/openfree/gcc-arm-none-eabi-10.3-2021.10/bin/../lib/gcc/arm-none-eabi/10.3.1/../../../../arm-none-eabi/lib/thumb/v6-m/nofp\libc_nano.a(lib_a-impure.o)
 .data._impure_ptr
                0x00000000        0x4 d:/openfree/gcc-arm-none-eabi-10.3-2021.10/bin/../lib/gcc/arm-none-eabi/10.3.1/../../../../arm-none-eabi/lib/thumb/v6-m/nofp\libc_nano.a(lib_a-impure.o)
 .data.impure_data
                0x00000000       0x60 d:/openfree/gcc-arm-none-eabi-10.3-2021.10/bin/../lib/gcc/arm-none-eabi/10.3.1/../../../../arm-none-eabi/lib/thumb/v6-m/nofp\libc_nano.a(lib_a-impure.o)
 .rodata._global_impure_ptr
                0x00000000        0x4 d:/openfree/gcc-arm-none-eabi-10.3-2021.10/bin/../lib/gcc/arm-none-eabi/10.3.1/../../../../arm-none-eabi/lib/thumb/v6-m/nofp\libc_nano.a(lib_a-impure.o)
 .ARM.attributes
                0x00000000       0x2c d:/openfree/gcc-arm-none-eabi-10.3-2021.10/bin/../lib/gcc/arm-none-eabi/10.3.1/../../../../arm-none-eabi/lib/thumb/v6-m/nofp\libc_nano.a(lib_a-impure.o)
 .text          0x00000000        0x0 d:/openfree/gcc-arm-none-eabi-10.3-2021.10/bin/../lib/gcc/arm-none-eabi/10.3.1/../../../../arm-none-eabi/lib/thumb/v6-m/nofp\libc_nano.a(lib_a-init.o)
 .data          0x00000000        0x0 d:/openfree/gcc-arm-none-eabi-10.3-2021.10/bin/../lib/gcc/arm-none-eabi/10.3.1/../../../../arm-none-eabi/lib/thumb/v6-m/nofp\libc_nano.a(lib_a-init.o)
 .bss           0x00000000        0x0 d:/openfree/gcc-arm-none-eabi-10.3-2021.10/bin/../lib/gcc/arm-none-eabi/10.3.1/../../../../arm-none-eabi/lib/thumb/v6-m/nofp\libc_nano.a(lib_a-init.o)
 .text.__libc_init_array
                0x00000000       0x48 d:/openfree/gcc-arm-none-eabi-10.3-2021.10/bin/../lib/gcc/arm-none-eabi/10.3.1/../../../../arm-none-eabi/lib/thumb/v6-m/nofp\libc_nano.a(lib_a-init.o)
 .debug_frame   0x00000000       0x2c d:/openfree/gcc-arm-none-eabi-10.3-2021.10/bin/../lib/gcc/arm-none-eabi/10.3.1/../../../../arm-none-eabi/lib/thumb/v6-m/nofp\libc_nano.a(lib_a-init.o)
 .ARM.attributes
                0x00000000       0x2c d:/openfree/gcc-arm-none-eabi-10.3-2021.10/bin/../lib/gcc/arm-none-eabi/10.3.1/../../../../arm-none-eabi/lib/thumb/v6-m/nofp\libc_nano.a(lib_a-init.o)
 .text          0x00000000        0x0 d:/openfree/gcc-arm-none-eabi-10.3-2021.10/bin/../lib/gcc/arm-none-eabi/10.3.1/../../../../arm-none-eabi/lib/thumb/v6-m/nofp\libc_nano.a(lib_a-memset.o)
 .data          0x00000000        0x0 d:/openfree/gcc-arm-none-eabi-10.3-2021.10/bin/../lib/gcc/arm-none-eabi/10.3.1/../../../../arm-none-eabi/lib/thumb/v6-m/nofp\libc_nano.a(lib_a-memset.o)
 .bss           0x00000000        0x0 d:/openfree/gcc-arm-none-eabi-10.3-2021.10/bin/../lib/gcc/arm-none-eabi/10.3.1/../../../../arm-none-eabi/lib/thumb/v6-m/nofp\libc_nano.a(lib_a-memset.o)
 .text.memset   0x00000000       0x10 d:/openfree/gcc-arm-none-eabi-10.3-2021.10/bin/../lib/gcc/arm-none-eabi/10.3.1/../../../../arm-none-eabi/lib/thumb/v6-m/nofp\libc_nano.a(lib_a-memset.o)
 .debug_frame   0x00000000       0x20 d:/openfree/gcc-arm-none-eabi-10.3-2021.10/bin/../lib/gcc/arm-none-eabi/10.3.1/../../../../arm-none-eabi/lib/thumb/v6-m/nofp\libc_nano.a(lib_a-memset.o)
 .ARM.attributes
                0x00000000       0x2c d:/openfree/gcc-arm-none-eabi-10.3-2021.10/bin/../lib/gcc/arm-none-eabi/10.3.1/../../../../arm-none-eabi/lib/thumb/v6-m/nofp\libc_nano.a(lib_a-memset.o)
 .data          0x00000000        0x0 d:/openfree/gcc-arm-none-eabi-10.3-2021.10/bin/../lib/gcc/arm-none-eabi/10.3.1/thumb/v6-m/nofp\libgcc.a(_udivsi3.o)
 .bss           0x00000000        0x0 d:/openfree/gcc-arm-none-eabi-10.3-2021.10/bin/../lib/gcc/arm-none-eabi/10.3.1/thumb/v6-m/nofp\libgcc.a(_udivsi3.o)
 .data          0x00000000        0x0 d:/openfree/gcc-arm-none-eabi-10.3-2021.10/bin/../lib/gcc/arm-none-eabi/10.3.1/thumb/v6-m/nofp\libgcc.a(_dvmd_tls.o)
 .bss           0x00000000        0x0 d:/openfree/gcc-arm-none-eabi-10.3-2021.10/bin/../lib/gcc/arm-none-eabi/10.3.1/thumb/v6-m/nofp\libgcc.a(_dvmd_tls.o)
 .text          0x00000000        0x0 d:/openfree/gcc-arm-none-eabi-10.3-2021.10/bin/../lib/gcc/arm-none-eabi/10.3.1/../../../../arm-none-eabi/lib/thumb/v6-m/nofp\libnosys.a(_exit.o)
 .data          0x00000000        0x0 d:/openfree/gcc-arm-none-eabi-10.3-2021.10/bin/../lib/gcc/arm-none-eabi/10.3.1/../../../../arm-none-eabi/lib/thumb/v6-m/nofp\libnosys.a(_exit.o)
 .bss           0x00000000        0x0 d:/openfree/gcc-arm-none-eabi-10.3-2021.10/bin/../lib/gcc/arm-none-eabi/10.3.1/../../../../arm-none-eabi/lib/thumb/v6-m/nofp\libnosys.a(_exit.o)
 .text._exit    0x00000000        0x4 d:/openfree/gcc-arm-none-eabi-10.3-2021.10/bin/../lib/gcc/arm-none-eabi/10.3.1/../../../../arm-none-eabi/lib/thumb/v6-m/nofp\libnosys.a(_exit.o)
 .debug_frame   0x00000000       0x20 d:/openfree/gcc-arm-none-eabi-10.3-2021.10/bin/../lib/gcc/arm-none-eabi/10.3.1/../../../../arm-none-eabi/lib/thumb/v6-m/nofp\libnosys.a(_exit.o)
 .ARM.attributes
                0x00000000       0x2c d:/openfree/gcc-arm-none-eabi-10.3-2021.10/bin/../lib/gcc/arm-none-eabi/10.3.1/../../../../arm-none-eabi/lib/thumb/v6-m/nofp\libnosys.a(_exit.o)
 .text          0x00000000        0x0 d:/openfree/gcc-arm-none-eabi-10.3-2021.10/bin/../lib/gcc/arm-none-eabi/10.3.1/thumb/v6-m/nofp/crtend.o
 .data          0x00000000        0x0 d:/openfree/gcc-arm-none-eabi-10.3-2021.10/bin/../lib/gcc/arm-none-eabi/10.3.1/thumb/v6-m/nofp/crtend.o
 .bss           0x00000000        0x0 d:/openfree/gcc-arm-none-eabi-10.3-2021.10/bin/../lib/gcc/arm-none-eabi/10.3.1/thumb/v6-m/nofp/crtend.o
 .rodata        0x00000000       0x24 d:/openfree/gcc-arm-none-eabi-10.3-2021.10/bin/../lib/gcc/arm-none-eabi/10.3.1/thumb/v6-m/nofp/crtend.o
 .eh_frame      0x00000000        0x4 d:/openfree/gcc-arm-none-eabi-10.3-2021.10/bin/../lib/gcc/arm-none-eabi/10.3.1/thumb/v6-m/nofp/crtend.o
 .ARM.attributes
                0x00000000       0x2c d:/openfree/gcc-arm-none-eabi-10.3-2021.10/bin/../lib/gcc/arm-none-eabi/10.3.1/thumb/v6-m/nofp/crtend.o
 .text          0x00000000        0x0 d:/openfree/gcc-arm-none-eabi-10.3-2021.10/bin/../lib/gcc/arm-none-eabi/10.3.1/thumb/v6-m/nofp/crtn.o
 .data          0x00000000        0x0 d:/openfree/gcc-arm-none-eabi-10.3-2021.10/bin/../lib/gcc/arm-none-eabi/10.3.1/thumb/v6-m/nofp/crtn.o
 .bss           0x00000000        0x0 d:/openfree/gcc-arm-none-eabi-10.3-2021.10/bin/../lib/gcc/arm-none-eabi/10.3.1/thumb/v6-m/nofp/crtn.o
 .init          0x00000000        0x8 d:/openfree/gcc-arm-none-eabi-10.3-2021.10/bin/../lib/gcc/arm-none-eabi/10.3.1/thumb/v6-m/nofp/crtn.o
 .fini          0x00000000        0x8 d:/openfree/gcc-arm-none-eabi-10.3-2021.10/bin/../lib/gcc/arm-none-eabi/10.3.1/thumb/v6-m/nofp/crtn.o
 .ARM.attributes
                0x00000000       0x1e d:/openfree/gcc-arm-none-eabi-10.3-2021.10/bin/../lib/gcc/arm-none-eabi/10.3.1/thumb/v6-m/nofp/crtn.o

Memory Configuration

Name             Origin             Length             Attributes
MFlash32         0x00000000         0x00008000         xr
RamLoc8          0x10000000         0x00002000         xrw
*default*        0x00000000         0xffffffff

Linker script and memory map

LOAD d:/openfree/gcc-arm-none-eabi-10.3-2021.10/bin/../lib/gcc/arm-none-eabi/10.3.1/thumb/v6-m/nofp/crti.o
LOAD d:/openfree/gcc-arm-none-eabi-10.3-2021.10/bin/../lib/gcc/arm-none-eabi/10.3.1/thumb/v6-m/nofp/crtbegin.o
LOAD d:/openfree/gcc-arm-none-eabi-10.3-2021.10/bin/../lib/gcc/arm-none-eabi/10.3.1/../../../../arm-none-eabi/lib/thumb/v6-m/nofp/crt0.o
LOAD build\.objs\.\lpc_bt.elf\cross\arm\debug\cr_startup_lpc11xx.c.o
LOAD build\.objs\.\lpc_bt.elf\cross\arm\debug\main\bootloder.c.o
LOAD build\.objs\.\lpc_bt.elf\cross\arm\debug\iap\src\FlashDev.c.o
LOAD build\.objs\.\lpc_bt.elf\cross\arm\debug\iap\src\FlashPrg.c.o
LOAD build\.objs\.\lpc_bt.elf\cross\arm\debug\drivers\src\LPC11xx_debug.c.o
LOAD build\.objs\.\lpc_bt.elf\cross\arm\debug\drivers\src\LPC11xx_uart.c.o
LOAD build\.objs\.\lpc_bt.elf\cross\arm\debug\Core\Device\NXP\LPC11xx\Source\Templates\system_LPC11xx.c.o
START GROUP
END GROUP
LOAD d:/openfree/gcc-arm-none-eabi-10.3-2021.10/bin/../lib/gcc/arm-none-eabi/10.3.1/../../../../arm-none-eabi/lib/thumb/v6-m/nofp\libstdc++_nano.a
LOAD d:/openfree/gcc-arm-none-eabi-10.3-2021.10/bin/../lib/gcc/arm-none-eabi/10.3.1/../../../../arm-none-eabi/lib/thumb/v6-m/nofp\libm.a
LOAD d:/openfree/gcc-arm-none-eabi-10.3-2021.10/bin/../lib/gcc/arm-none-eabi/10.3.1/../../../../arm-none-eabi/lib/thumb/v6-m/nofp\libc_nano.a
START GROUP
LOAD d:/openfree/gcc-arm-none-eabi-10.3-2021.10/bin/../lib/gcc/arm-none-eabi/10.3.1/thumb/v6-m/nofp\libgcc.a
LOAD d:/openfree/gcc-arm-none-eabi-10.3-2021.10/bin/../lib/gcc/arm-none-eabi/10.3.1/../../../../arm-none-eabi/lib/thumb/v6-m/nofp\libc_nano.a
END GROUP
START GROUP
LOAD d:/openfree/gcc-arm-none-eabi-10.3-2021.10/bin/../lib/gcc/arm-none-eabi/10.3.1/thumb/v6-m/nofp\libgcc.a
LOAD d:/openfree/gcc-arm-none-eabi-10.3-2021.10/bin/../lib/gcc/arm-none-eabi/10.3.1/../../../../arm-none-eabi/lib/thumb/v6-m/nofp\libc_nano.a
LOAD d:/openfree/gcc-arm-none-eabi-10.3-2021.10/bin/../lib/gcc/arm-none-eabi/10.3.1/../../../../arm-none-eabi/lib/thumb/v6-m/nofp\libnosys.a
END GROUP
START GROUP
LOAD d:/openfree/gcc-arm-none-eabi-10.3-2021.10/bin/../lib/gcc/arm-none-eabi/10.3.1/thumb/v6-m/nofp\libgcc.a
LOAD d:/openfree/gcc-arm-none-eabi-10.3-2021.10/bin/../lib/gcc/arm-none-eabi/10.3.1/../../../../arm-none-eabi/lib/thumb/v6-m/nofp\libc_nano.a
LOAD d:/openfree/gcc-arm-none-eabi-10.3-2021.10/bin/../lib/gcc/arm-none-eabi/10.3.1/../../../../arm-none-eabi/lib/thumb/v6-m/nofp\libnosys.a
END GROUP
LOAD d:/openfree/gcc-arm-none-eabi-10.3-2021.10/bin/../lib/gcc/arm-none-eabi/10.3.1/thumb/v6-m/nofp/crtend.o
LOAD d:/openfree/gcc-arm-none-eabi-10.3-2021.10/bin/../lib/gcc/arm-none-eabi/10.3.1/thumb/v6-m/nofp/crtn.o
                0x00008000                __top_MFlash32 = 0x8000
                0x10002000                __top_RamLoc8 = 0x10002000

.text           0x00000000      0x1ec
 FILL mask 0xff
                0x00000000                __vectors_start__ = ABSOLUTE (.)
 *(.isr_vector)
 .isr_vector    0x00000000       0xc0 build\.objs\.\lpc_bt.elf\cross\arm\debug\cr_startup_lpc11xx.c.o
                0x00000000                g_pfnVectors
                0x000000c0                . = ALIGN (0x4)
                0x000000c0                __section_table_start = .
                0x000000c0                __data_section_table = .
                0x000000c0        0x4 LONG 0xf6c LOADADDR (.data)
                0x000000c4        0x4 LONG 0x10000000 ADDR (.data)
                0x000000c8        0x4 LONG 0x4 SIZEOF (.data)
                0x000000cc                __data_section_table_end = .
                0x000000cc                __bss_section_table = .
                0x000000cc        0x4 LONG 0x10000004 ADDR (.bss)
                0x000000d0        0x4 LONG 0x24 SIZEOF (.bss)
                0x000000d4                __bss_section_table_end = .
                0x000000d4                __section_table_end = .
 *(.after_vectors*)
 .after_vectors
                0x000000d4      0x118 build\.objs\.\lpc_bt.elf\cross\arm\debug\cr_startup_lpc11xx.c.o
                0x000000d4                data_init
                0x00000116                bss_init
                0x0000014c                ResetISR
                0x000001c8                NMI_Handler
                0x000001ce                HardFault_Handler
                0x000001d4                SVC_Handler
                0x000001da                PendSV_Handler
                0x000001e0                SysTick_Handler
                0x000001e6                TIMER32_1_IRQHandler
                0x000001e6                IntDefaultHandler
                0x000001e6                PIOINT1_IRQHandler
                0x000001e6                CAN_IRQHandler
                0x000001e6                TIMER32_0_IRQHandler
                0x000001e6                UART_IRQHandler
                0x000001e6                TIMER16_1_IRQHandler
                0x000001e6                ADC_IRQHandler
                0x000001e6                SSP1_IRQHandler
                0x000001e6                PIOINT2_IRQHandler
                0x000001e6                BOD_IRQHandler
                0x000001e6                WAKEUP_IRQHandler
                0x000001e6                PIOINT0_IRQHandler
                0x000001e6                I2C_IRQHandler
                0x000001e6                WDT_IRQHandler
                0x000001e6                TIMER16_0_IRQHandler
                0x000001e6                SSP0_IRQHandler
                0x000001e6                PIOINT3_IRQHandler

.glue_7         0x000001ec        0x0
 .glue_7        0x000001ec        0x0 linker stubs

.glue_7t        0x000001ec        0x0
 .glue_7t       0x000001ec        0x0 linker stubs

.vfp11_veneer   0x000001ec        0x0
 .vfp11_veneer  0x000001ec        0x0 linker stubs

.v4_bx          0x000001ec        0x0
 .v4_bx         0x000001ec        0x0 linker stubs

.init           0x000001ec        0x4
 .init          0x000001ec        0x4 d:/openfree/gcc-arm-none-eabi-10.3-2021.10/bin/../lib/gcc/arm-none-eabi/10.3.1/thumb/v6-m/nofp/crti.o
                0x000001ec                _init

.fini           0x000001f0        0x4
 .fini          0x000001f0        0x4 d:/openfree/gcc-arm-none-eabi-10.3-2021.10/bin/../lib/gcc/arm-none-eabi/10.3.1/thumb/v6-m/nofp/crti.o
                0x000001f0                _fini

.iplt           0x000001f4        0x0
 .iplt          0x000001f4        0x0 build\.objs\.\lpc_bt.elf\cross\arm\debug\cr_startup_lpc11xx.c.o

.text           0x000001f4      0xd78
 *(.text*)
 .text.print_menu
                0x000001f4       0x24 build\.objs\.\lpc_bt.elf\cross\arm\debug\main\bootloder.c.o
                0x000001f4                print_menu
 .text.initAppBufData
                0x00000218       0x1a build\.objs\.\lpc_bt.elf\cross\arm\debug\main\bootloder.c.o
 .text.uploadApp
                0x00000232       0xda build\.objs\.\lpc_bt.elf\cross\arm\debug\main\bootloder.c.o
 .text.receiveAppData
                0x0000030c       0x38 build\.objs\.\lpc_bt.elf\cross\arm\debug\main\bootloder.c.o
 .text.runNewApp
                0x00000344       0x20 build\.objs\.\lpc_bt.elf\cross\arm\debug\main\bootloder.c.o
 .text.c_entry  0x00000364       0xb4 build\.objs\.\lpc_bt.elf\cross\arm\debug\main\bootloder.c.o
                0x00000364                c_entry
 .text.main     0x00000418       0x10 build\.objs\.\lpc_bt.elf\cross\arm\debug\main\bootloder.c.o
                0x00000418                main
 .text.GetSecNum
                0x00000428       0x18 build\.objs\.\lpc_bt.elf\cross\arm\debug\iap\src\FlashPrg.c.o
                0x00000428                GetSecNum
 .text.EraseSector
                0x00000440       0x8c build\.objs\.\lpc_bt.elf\cross\arm\debug\iap\src\FlashPrg.c.o
                0x00000440                EraseSector
 .text.ProgramPage
                0x000004cc       0xdc build\.objs\.\lpc_bt.elf\cross\arm\debug\iap\src\FlashPrg.c.o
                0x000004cc                ProgramPage
 .text.DEBUGPutChar
                0x000005a8       0x1e build\.objs\.\lpc_bt.elf\cross\arm\debug\drivers\src\LPC11xx_debug.c.o
                0x000005a8                DEBUGPutChar
 .text.DEBUGGetChar
                0x000005c6       0x22 build\.objs\.\lpc_bt.elf\cross\arm\debug\drivers\src\LPC11xx_debug.c.o
                0x000005c6                DEBUGGetChar
 .text.DEBUGPuts
                0x000005e8       0x2a build\.objs\.\lpc_bt.elf\cross\arm\debug\drivers\src\LPC11xx_debug.c.o
                0x000005e8                DEBUGPuts
 *fill*         0x00000612        0x2 
 .text.DEBUGPuts_
                0x00000614       0x24 build\.objs\.\lpc_bt.elf\cross\arm\debug\drivers\src\LPC11xx_debug.c.o
                0x00000614                DEBUGPuts_
 .text.UART_SetBaudrate
                0x00000638       0x6c build\.objs\.\lpc_bt.elf\cross\arm\debug\drivers\src\LPC11xx_uart.c.o
                0x00000638                UART_SetBaudrate
 .text.UART_Init
                0x000006a4       0xac build\.objs\.\lpc_bt.elf\cross\arm\debug\drivers\src\LPC11xx_uart.c.o
                0x000006a4                UART_Init
 .text.UART_Send
                0x00000750       0x88 build\.objs\.\lpc_bt.elf\cross\arm\debug\drivers\src\LPC11xx_uart.c.o
                0x00000750                UART_Send
 .text.UART_Receive
                0x000007d8       0x74 build\.objs\.\lpc_bt.elf\cross\arm\debug\drivers\src\LPC11xx_uart.c.o
                0x000007d8                UART_Receive
 .text.UART_ReveiveDown
                0x0000084c       0x80 build\.objs\.\lpc_bt.elf\cross\arm\debug\drivers\src\LPC11xx_uart.c.o
                0x0000084c                UART_ReveiveDown
 .text.SystemCoreClockUpdate
                0x000008cc      0x228 build\.objs\.\lpc_bt.elf\cross\arm\debug\Core\Device\NXP\LPC11xx\Source\Templates\system_LPC11xx.c.o
                0x000008cc                SystemCoreClockUpdate
 .text.SystemInit
                0x00000af4       0xf4 build\.objs\.\lpc_bt.elf\cross\arm\debug\Core\Device\NXP\LPC11xx\Source\Templates\system_LPC11xx.c.o
                0x00000af4                SystemInit
 .text          0x00000be8      0x114 d:/openfree/gcc-arm-none-eabi-10.3-2021.10/bin/../lib/gcc/arm-none-eabi/10.3.1/thumb/v6-m/nofp\libgcc.a(_udivsi3.o)
                0x00000be8                __aeabi_uidiv
                0x00000be8                __udivsi3
                0x00000cf4                __aeabi_uidivmod
 .text          0x00000cfc        0x4 d:/openfree/gcc-arm-none-eabi-10.3-2021.10/bin/../lib/gcc/arm-none-eabi/10.3.1/thumb/v6-m/nofp\libgcc.a(_dvmd_tls.o)
                0x00000cfc                __aeabi_idiv0
                0x00000cfc                __aeabi_ldiv0
 *(.rodata .rodata.* .constdata .constdata.*)
 .rodata        0x00000d00      0x14e build\.objs\.\lpc_bt.elf\cross\arm\debug\main\bootloder.c.o
 *fill*         0x00000e4e        0x2 
 .rodata.c_entry
                0x00000e50       0xd4 build\.objs\.\lpc_bt.elf\cross\arm\debug\main\bootloder.c.o
 .rodata        0x00000f24        0x7 build\.objs\.\lpc_bt.elf\cross\arm\debug\drivers\src\LPC11xx_debug.c.o
 *fill*         0x00000f2b        0x1 
 .rodata.SystemCoreClockUpdate
                0x00000f2c       0x40 build\.objs\.\lpc_bt.elf\cross\arm\debug\Core\Device\NXP\LPC11xx\Source\Templates\system_LPC11xx.c.o
                0x00000f6c                . = ALIGN (0x4)

.rel.dyn        0x00000f6c        0x0
 .rel.iplt      0x00000f6c        0x0 build\.objs\.\lpc_bt.elf\cross\arm\debug\cr_startup_lpc11xx.c.o

.ARM.extab
 *(.ARM.extab* .gnu.linkonce.armextab.*)
                0x00000f6c                __exidx_start = .

.ARM.exidx
 *(.ARM.exidx* .gnu.linkonce.armexidx.*)
                0x00000f6c                __exidx_end = .
                0x00000f6c                _etext = .

.uninit_RESERVED
                0x10000000        0x0
 *(.bss.$RESERVED*)
                0x10000000                . = ALIGN (0x4)
                0x10000000                _end_uninit_RESERVED = .

.data           0x10000000        0x4 load address 0x00000f6c
 FILL mask 0xff
                0x10000000                _data = .
 *(vtable)
 *(.ramfunc*)
 *(.data*)
 .data.SystemCoreClock
                0x10000000        0x4 build\.objs\.\lpc_bt.elf\cross\arm\debug\Core\Device\NXP\LPC11xx\Source\Templates\system_LPC11xx.c.o
                0x10000000                SystemCoreClock
                0x10000004                . = ALIGN (0x4)
                0x10000004                _edata = .

.igot.plt       0x10000004        0x0 load address 0x00000f70
 .igot.plt      0x10000004        0x0 build\.objs\.\lpc_bt.elf\cross\arm\debug\cr_startup_lpc11xx.c.o

.bss            0x10000004       0x24 load address 0x00000f70
                0x10000004                _bss = .
 *(.bss*)
 .bss.CCLK      0x10000004        0x4 build\.objs\.\lpc_bt.elf\cross\arm\debug\iap\src\FlashPrg.c.o
                0x10000004                CCLK
 .bss.IAP       0x10000008       0x20 build\.objs\.\lpc_bt.elf\cross\arm\debug\iap\src\FlashPrg.c.o
                0x10000008                IAP
 *(COMMON)
                0x10000028                . = ALIGN (0x4)
                0x10000028                _ebss = .
                [!provide]                PROVIDE (end = .)

.noinit         0x10000028        0x0 load address 0x00000f70
                0x10000028                _noinit = .
 *(.noinit*)
                0x10000028                . = ALIGN (0x4)
                0x10000028                _end_noinit = .
                [!provide]                PROVIDE (_pvHeapStart = DEFINED (__user_heap_base)?__user_heap_base:.)
                0x10002000                PROVIDE (_vStackTop = DEFINED (__user_stack_top)?__user_stack_top:(__top_RamLoc8 - 0x0))
OUTPUT(build\cross\arm\debug\.\lpc_bt.elf elf32-littlearm)
LOAD linker stubs

.ARM.attributes
                0x00000000       0x28
 .ARM.attributes
                0x00000000       0x1e d:/openfree/gcc-arm-none-eabi-10.3-2021.10/bin/../lib/gcc/arm-none-eabi/10.3.1/thumb/v6-m/nofp/crti.o
 .ARM.attributes
                0x0000001e       0x2c build\.objs\.\lpc_bt.elf\cross\arm\debug\cr_startup_lpc11xx.c.o
 .ARM.attributes
                0x0000004a       0x2c build\.objs\.\lpc_bt.elf\cross\arm\debug\main\bootloder.c.o
 .ARM.attributes
                0x00000076       0x2c build\.objs\.\lpc_bt.elf\cross\arm\debug\iap\src\FlashPrg.c.o
 .ARM.attributes
                0x000000a2       0x2c build\.objs\.\lpc_bt.elf\cross\arm\debug\drivers\src\LPC11xx_debug.c.o
 .ARM.attributes
                0x000000ce       0x2c build\.objs\.\lpc_bt.elf\cross\arm\debug\drivers\src\LPC11xx_uart.c.o
 .ARM.attributes
                0x000000fa       0x2c build\.objs\.\lpc_bt.elf\cross\arm\debug\Core\Device\NXP\LPC11xx\Source\Templates\system_LPC11xx.c.o
 .ARM.attributes
                0x00000126       0x1e d:/openfree/gcc-arm-none-eabi-10.3-2021.10/bin/../lib/gcc/arm-none-eabi/10.3.1/thumb/v6-m/nofp\libgcc.a(_udivsi3.o)
 .ARM.attributes
                0x00000144       0x1e d:/openfree/gcc-arm-none-eabi-10.3-2021.10/bin/../lib/gcc/arm-none-eabi/10.3.1/thumb/v6-m/nofp\libgcc.a(_dvmd_tls.o)

.comment        0x00000000       0x49
 .comment       0x00000000       0x49 build\.objs\.\lpc_bt.elf\cross\arm\debug\cr_startup_lpc11xx.c.o
                                 0x4a (size before relaxing)
 .comment       0x00000049       0x4a build\.objs\.\lpc_bt.elf\cross\arm\debug\main\bootloder.c.o
 .comment       0x00000049       0x4a build\.objs\.\lpc_bt.elf\cross\arm\debug\iap\src\FlashPrg.c.o
 .comment       0x00000049       0x4a build\.objs\.\lpc_bt.elf\cross\arm\debug\drivers\src\LPC11xx_debug.c.o
 .comment       0x00000049       0x4a build\.objs\.\lpc_bt.elf\cross\arm\debug\drivers\src\LPC11xx_uart.c.o
 .comment       0x00000049       0x4a build\.objs\.\lpc_bt.elf\cross\arm\debug\Core\Device\NXP\LPC11xx\Source\Templates\system_LPC11xx.c.o

.debug_info     0x00000000     0x1712
 .debug_info    0x00000000      0x22a build\.objs\.\lpc_bt.elf\cross\arm\debug\cr_startup_lpc11xx.c.o
 .debug_info    0x0000022a      0x275 build\.objs\.\lpc_bt.elf\cross\arm\debug\main\bootloder.c.o
 .debug_info    0x0000049f      0x255 build\.objs\.\lpc_bt.elf\cross\arm\debug\iap\src\FlashPrg.c.o
 .debug_info    0x000006f4      0x1b1 build\.objs\.\lpc_bt.elf\cross\arm\debug\drivers\src\LPC11xx_debug.c.o
 .debug_info    0x000008a5      0x9fc build\.objs\.\lpc_bt.elf\cross\arm\debug\drivers\src\LPC11xx_uart.c.o
 .debug_info    0x000012a1      0x471 build\.objs\.\lpc_bt.elf\cross\arm\debug\Core\Device\NXP\LPC11xx\Source\Templates\system_LPC11xx.c.o

.debug_abbrev   0x00000000      0x7fa
 .debug_abbrev  0x00000000      0x10e build\.objs\.\lpc_bt.elf\cross\arm\debug\cr_startup_lpc11xx.c.o
 .debug_abbrev  0x0000010e      0x138 build\.objs\.\lpc_bt.elf\cross\arm\debug\main\bootloder.c.o
 .debug_abbrev  0x00000246      0x193 build\.objs\.\lpc_bt.elf\cross\arm\debug\iap\src\FlashPrg.c.o
 .debug_abbrev  0x000003d9      0x133 build\.objs\.\lpc_bt.elf\cross\arm\debug\drivers\src\LPC11xx_debug.c.o
 .debug_abbrev  0x0000050c      0x1c6 build\.objs\.\lpc_bt.elf\cross\arm\debug\drivers\src\LPC11xx_uart.c.o
 .debug_abbrev  0x000006d2      0x128 build\.objs\.\lpc_bt.elf\cross\arm\debug\Core\Device\NXP\LPC11xx\Source\Templates\system_LPC11xx.c.o

.debug_aranges  0x00000000      0x1c0
 .debug_aranges
                0x00000000       0x60 build\.objs\.\lpc_bt.elf\cross\arm\debug\cr_startup_lpc11xx.c.o
 .debug_aranges
                0x00000060       0x50 build\.objs\.\lpc_bt.elf\cross\arm\debug\main\bootloder.c.o
 .debug_aranges
                0x000000b0       0x48 build\.objs\.\lpc_bt.elf\cross\arm\debug\iap\src\FlashPrg.c.o
 .debug_aranges
                0x000000f8       0x50 build\.objs\.\lpc_bt.elf\cross\arm\debug\drivers\src\LPC11xx_debug.c.o
 .debug_aranges
                0x00000148       0x50 build\.objs\.\lpc_bt.elf\cross\arm\debug\drivers\src\LPC11xx_uart.c.o
 .debug_aranges
                0x00000198       0x28 build\.objs\.\lpc_bt.elf\cross\arm\debug\Core\Device\NXP\LPC11xx\Source\Templates\system_LPC11xx.c.o

.debug_ranges   0x00000000      0x160
 .debug_ranges  0x00000000       0x50 build\.objs\.\lpc_bt.elf\cross\arm\debug\cr_startup_lpc11xx.c.o
 .debug_ranges  0x00000050       0x40 build\.objs\.\lpc_bt.elf\cross\arm\debug\main\bootloder.c.o
 .debug_ranges  0x00000090       0x38 build\.objs\.\lpc_bt.elf\cross\arm\debug\iap\src\FlashPrg.c.o
 .debug_ranges  0x000000c8       0x40 build\.objs\.\lpc_bt.elf\cross\arm\debug\drivers\src\LPC11xx_debug.c.o
 .debug_ranges  0x00000108       0x40 build\.objs\.\lpc_bt.elf\cross\arm\debug\drivers\src\LPC11xx_uart.c.o
 .debug_ranges  0x00000148       0x18 build\.objs\.\lpc_bt.elf\cross\arm\debug\Core\Device\NXP\LPC11xx\Source\Templates\system_LPC11xx.c.o

.debug_line     0x00000000      0xe0a
 .debug_line    0x00000000      0x12d build\.objs\.\lpc_bt.elf\cross\arm\debug\cr_startup_lpc11xx.c.o
 .debug_line    0x0000012d      0x29a build\.objs\.\lpc_bt.elf\cross\arm\debug\main\bootloder.c.o
 .debug_line    0x000003c7      0x1c6 build\.objs\.\lpc_bt.elf\cross\arm\debug\iap\src\FlashPrg.c.o
 .debug_line    0x0000058d      0x1ff build\.objs\.\lpc_bt.elf\cross\arm\debug\drivers\src\LPC11xx_debug.c.o
 .debug_line    0x0000078c      0x2f6 build\.objs\.\lpc_bt.elf\cross\arm\debug\drivers\src\LPC11xx_uart.c.o
 .debug_line    0x00000a82      0x388 build\.objs\.\lpc_bt.elf\cross\arm\debug\Core\Device\NXP\LPC11xx\Source\Templates\system_LPC11xx.c.o

.debug_str      0x00000000      0x94d
 .debug_str     0x00000000      0x1e3 build\.objs\.\lpc_bt.elf\cross\arm\debug\cr_startup_lpc11xx.c.o
                                0x1f6 (size before relaxing)
 .debug_str     0x000001e3      0x14f build\.objs\.\lpc_bt.elf\cross\arm\debug\main\bootloder.c.o
                                0x253 (size before relaxing)
 .debug_str     0x00000332       0x5f build\.objs\.\lpc_bt.elf\cross\arm\debug\iap\src\FlashPrg.c.o
                                0x163 (size before relaxing)
 .debug_str     0x00000391       0x8e build\.objs\.\lpc_bt.elf\cross\arm\debug\drivers\src\LPC11xx_debug.c.o
                                0x1e3 (size before relaxing)
 .debug_str     0x0000041f      0x4c5 build\.objs\.\lpc_bt.elf\cross\arm\debug\drivers\src\LPC11xx_uart.c.o
                                0x62e (size before relaxing)
 .debug_str     0x000008e4       0x69 build\.objs\.\lpc_bt.elf\cross\arm\debug\Core\Device\NXP\LPC11xx\Source\Templates\system_LPC11xx.c.o
                                0x406 (size before relaxing)

.debug_frame    0x00000000      0x50c
 .debug_frame   0x00000000      0x118 build\.objs\.\lpc_bt.elf\cross\arm\debug\cr_startup_lpc11xx.c.o
 .debug_frame   0x00000118       0xe8 build\.objs\.\lpc_bt.elf\cross\arm\debug\main\bootloder.c.o
 .debug_frame   0x00000200       0xd0 build\.objs\.\lpc_bt.elf\cross\arm\debug\iap\src\FlashPrg.c.o
 .debug_frame   0x000002d0       0xe8 build\.objs\.\lpc_bt.elf\cross\arm\debug\drivers\src\LPC11xx_debug.c.o
 .debug_frame   0x000003b8       0xe4 build\.objs\.\lpc_bt.elf\cross\arm\debug\drivers\src\LPC11xx_uart.c.o
 .debug_frame   0x0000049c       0x50 build\.objs\.\lpc_bt.elf\cross\arm\debug\Core\Device\NXP\LPC11xx\Source\Templates\system_LPC11xx.c.o
 .debug_frame   0x000004ec       0x20 d:/openfree/gcc-arm-none-eabi-10.3-2021.10/bin/../lib/gcc/arm-none-eabi/10.3.1/thumb/v6-m/nofp\libgcc.a(_udivsi3.o)
