Component: ARM Compiler 5.06 update 2 (build 183) Tool: armlink [4d35b7]

==============================================================================

Section Cross References

    startup_lpc11xx.o(STACK) refers (Special) to heapauxi.o(.text) for __use_two_region_memory
    startup_lpc11xx.o(HEAP) refers (Special) to heapauxi.o(.text) for __use_two_region_memory
    startup_lpc11xx.o(RESET) refers (Special) to heapauxi.o(.text) for __use_two_region_memory
    startup_lpc11xx.o(RESET) refers to startup_lpc11xx.o(STACK) for __initial_sp
    startup_lpc11xx.o(RESET) refers to startup_lpc11xx.o(.text) for Reset_Handler
    startup_lpc11xx.o(.text) refers (Special) to heapauxi.o(.text) for __use_two_region_memory
    startup_lpc11xx.o(.text) refers to system_lpc11xx.o(i.SystemInit) for SystemInit
    startup_lpc11xx.o(.text) refers to __main.o(!!!main) for __main
    startup_lpc11xx.o(.text) refers to startup_lpc11xx.o(HEAP) for Heap_Mem
    startup_lpc11xx.o(.text) refers to startup_lpc11xx.o(STACK) for Stack_Mem
    system_lpc11xx.o(i.SystemCoreClockUpdate) refers to system_lpc11xx.o(i.__ARM_common_switch8) for __ARM_common_switch8
    system_lpc11xx.o(i.SystemCoreClockUpdate) refers to aeabi_sdiv.o(.text) for __aeabi_uidivmod
    system_lpc11xx.o(i.SystemCoreClockUpdate) refers to system_lpc11xx.o(.data) for SystemCoreClock
    flashprg.o(i.EraseChip) refers to flashprg.o(.bss) for IAP
    flashprg.o(i.EraseChip) refers to flashprg.o(.data) for CCLK
    flashprg.o(i.EraseSector) refers to flashprg.o(i.GetSecNum) for GetSecNum
    flashprg.o(i.EraseSector) refers to flashprg.o(.bss) for IAP
    flashprg.o(i.EraseSector) refers to flashprg.o(.data) for CCLK
    flashprg.o(i.Init) refers to flashprg.o(.data) for CCLK
    flashprg.o(i.ProgramPage) refers to flashprg.o(i.GetSecNum) for GetSecNum
    flashprg.o(i.ProgramPage) refers to flashprg.o(.bss) for IAP
    flashprg.o(i.ProgramPage) refers to flashprg.o(.data) for CCLK
    lpc11xx_uart.o(i.UART_Init) refers to lpc11xx_uart.o(i.UART_SetBaudrate) for UART_SetBaudrate
    lpc11xx_uart.o(i.UART_SetBaudrate) refers to aeabi_sdiv.o(.text) for __aeabi_uidivmod
    lpc11xx_uart.o(i.UART_SetBaudrate) refers to system_lpc11xx.o(.data) for SystemCoreClock
    lpc11xx_debug.o(i.DEBUGDataReady) refers to lpc11xx_uart.o(i.UART_GetLineStatus) for UART_GetLineStatus
    lpc11xx_debug.o(i.DEBUGGetChar) refers to lpc11xx_uart.o(i.UART_Receive) for UART_Receive
    lpc11xx_debug.o(i.DEBUGPutChar) refers to lpc11xx_uart.o(i.UART_Send) for UART_Send
    lpc11xx_debug.o(i.DEBUGPutHex) refers to lpc11xx_debug.o(i.DEBUGPuts) for DEBUGPuts
    lpc11xx_debug.o(i.DEBUGPutHex) refers to lpc11xx_debug.o(i.DEBUGPutChar) for DEBUGPutChar
    lpc11xx_debug.o(i.DEBUGPuts) refers to lpc11xx_debug.o(i.DEBUGPutChar) for DEBUGPutChar
    lpc11xx_debug.o(i.DEBUGPuts_) refers to lpc11xx_debug.o(i.DEBUGPuts) for DEBUGPuts
    lpc11xx_debug.o(i.DebugInit) refers to lpc11xx_uart.o(i.UART_Init) for UART_Init
    bootloder.o(i.c_entry) refers to lpc11xx_uart.o(i.UART_Init) for UART_Init
    bootloder.o(i.c_entry) refers to bootloder.o(i.print_menu) for print_menu
    bootloder.o(i.c_entry) refers to lpc11xx_debug.o(i.DEBUGPuts_) for DEBUGPuts_
    bootloder.o(i.c_entry) refers to lpc11xx_debug.o(i.DEBUGGetChar) for DEBUGGetChar
    bootloder.o(i.c_entry) refers to lpc11xx_debug.o(i.DEBUGPutChar) for DEBUGPutChar
    bootloder.o(i.c_entry) refers to bootloder.o(i.uploadApp) for uploadApp
    bootloder.o(i.c_entry) refers to bootloder.o(i.runNewApp) for runNewApp
    bootloder.o(i.main) refers to bootloder.o(i.c_entry) for c_entry
    bootloder.o(i.print_menu) refers to lpc11xx_debug.o(i.DEBUGPuts_) for DEBUGPuts_
    bootloder.o(i.print_menu) refers to bootloder.o(.conststring) for .conststring
    bootloder.o(i.receiveAppData) refers to lpc11xx_uart.o(i.UART_ReveiveDown) for UART_ReveiveDown
    bootloder.o(i.uploadApp) refers to flashprg.o(i.EraseSector) for EraseSector
    bootloder.o(i.uploadApp) refers to bootloder.o(i.receiveAppData) for receiveAppData
    bootloder.o(i.uploadApp) refers to bootloder.o(i.initAppBufData) for initAppBufData
    bootloder.o(i.uploadApp) refers to flashprg.o(i.ProgramPage) for ProgramPage
    __main.o(!!!main) refers to __rtentry.o(.ARM.Collect$$rtentry$$00000000) for __rt_entry
    __rtentry.o(.ARM.Collect$$rtentry$$00000000) refers (Special) to __rtentry2.o(.ARM.Collect$$rtentry$$0000000A) for __rt_entry_li
    __rtentry.o(.ARM.Collect$$rtentry$$00000000) refers (Special) to __rtentry2.o(.ARM.Collect$$rtentry$$0000000D) for __rt_entry_main
    __rtentry.o(.ARM.Collect$$rtentry$$00000000) refers (Special) to __rtentry2.o(.ARM.Collect$$rtentry$$0000000C) for __rt_entry_postli_1
    __rtentry.o(.ARM.Collect$$rtentry$$00000000) refers (Special) to __rtentry2.o(.ARM.Collect$$rtentry$$00000009) for __rt_entry_postsh_1
    __rtentry.o(.ARM.Collect$$rtentry$$00000000) refers (Special) to __rtentry2.o(.ARM.Collect$$rtentry$$00000002) for __rt_entry_presh_1
    __rtentry.o(.ARM.Collect$$rtentry$$00000000) refers (Special) to __rtentry4.o(.ARM.Collect$$rtentry$$00000004) for __rt_entry_sh
    aeabi_idiv0_sigfpe.o(.text) refers to rt_div0.o(.text) for __rt_div0
    __rtentry2.o(.ARM.Collect$$rtentry$$00000008) refers to boardinit2.o(.text) for _platform_post_stackheap_init
    __rtentry2.o(.ARM.Collect$$rtentry$$0000000A) refers to libinit.o(.ARM.Collect$$libinit$$00000000) for __rt_lib_init
    __rtentry2.o(.ARM.Collect$$rtentry$$0000000B) refers to boardinit3.o(.text) for _platform_post_lib_init
    __rtentry2.o(.ARM.Collect$$rtentry$$0000000D) refers to bootloder.o(i.main) for main
    __rtentry2.o(.ARM.Collect$$rtentry$$0000000D) refers to exit.o(.text) for exit
    __rtentry2.o(.ARM.exidx) refers to __rtentry2.o(.ARM.Collect$$rtentry$$00000001) for .ARM.Collect$$rtentry$$00000001
    __rtentry2.o(.ARM.exidx) refers to __rtentry2.o(.ARM.Collect$$rtentry$$00000008) for .ARM.Collect$$rtentry$$00000008
    __rtentry2.o(.ARM.exidx) refers to __rtentry2.o(.ARM.Collect$$rtentry$$0000000A) for .ARM.Collect$$rtentry$$0000000A
    __rtentry2.o(.ARM.exidx) refers to __rtentry2.o(.ARM.Collect$$rtentry$$0000000B) for .ARM.Collect$$rtentry$$0000000B
    __rtentry2.o(.ARM.exidx) refers to __rtentry2.o(.ARM.Collect$$rtentry$$0000000D) for .ARM.Collect$$rtentry$$0000000D
    __rtentry4.o(.ARM.Collect$$rtentry$$00000004) refers to sys_stackheap_outer.o(.text) for __user_setup_stackheap
    __rtentry4.o(.ARM.exidx) refers to __rtentry4.o(.ARM.Collect$$rtentry$$00000004) for .ARM.Collect$$rtentry$$00000004
    rt_div0.o(.text) refers to defsig_fpe_outer.o(.text) for __rt_SIGFPE
    sys_stackheap_outer.o(.text) refers to libspace.o(.text) for __user_perproc_libspace
    sys_stackheap_outer.o(.text) refers to startup_lpc11xx.o(.text) for __user_initial_stackheap
    sys_stackheap_outer.o(__vectab_stack_and_reset_area) refers to tempstk.o(.text) for __temporary_stack_top
    sys_stackheap_outer.o(__vectab_stack_and_reset_area) refers to __main.o(!!!main) for __main
    exit.o(.text) refers to rtexit.o(.ARM.Collect$$rtexit$$00000000) for __rt_exit
    defsig_fpe_outer.o(.text) refers to defsig_fpe_inner.o(.text) for __rt_SIGFPE_inner
    defsig_fpe_outer.o(.text) refers to defsig_exit.o(.text) for __sig_exit
    defsig_fpe_formal.o(.text) refers to rt_raise.o(.text) for __rt_raise
    libinit.o(.ARM.Collect$$libinit$$00000000) refers (Special) to libinit2.o(.ARM.Collect$$libinit$$0000002E) for __rt_lib_init_alloca_1
    libinit.o(.ARM.Collect$$libinit$$00000000) refers (Special) to libinit2.o(.ARM.Collect$$libinit$$0000002C) for __rt_lib_init_argv_1
    libinit.o(.ARM.Collect$$libinit$$00000000) refers (Special) to libinit2.o(.ARM.Collect$$libinit$$0000001B) for __rt_lib_init_atexit_1
    libinit.o(.ARM.Collect$$libinit$$00000000) refers (Special) to libinit2.o(.ARM.Collect$$libinit$$00000021) for __rt_lib_init_clock_1
    libinit.o(.ARM.Collect$$libinit$$00000000) refers (Special) to libinit2.o(.ARM.Collect$$libinit$$00000032) for __rt_lib_init_cpp_1
    libinit.o(.ARM.Collect$$libinit$$00000000) refers (Special) to libinit2.o(.ARM.Collect$$libinit$$00000030) for __rt_lib_init_exceptions_1
    libinit.o(.ARM.Collect$$libinit$$00000000) refers (Special) to libinit2.o(.ARM.Collect$$libinit$$00000002) for __rt_lib_init_fp_1
    libinit.o(.ARM.Collect$$libinit$$00000000) refers (Special) to libinit2.o(.ARM.Collect$$libinit$$0000001F) for __rt_lib_init_fp_trap_1
    libinit.o(.ARM.Collect$$libinit$$00000000) refers (Special) to libinit2.o(.ARM.Collect$$libinit$$00000023) for __rt_lib_init_getenv_1
    libinit.o(.ARM.Collect$$libinit$$00000000) refers (Special) to libinit2.o(.ARM.Collect$$libinit$$0000000A) for __rt_lib_init_heap_1
    libinit.o(.ARM.Collect$$libinit$$00000000) refers (Special) to libinit2.o(.ARM.Collect$$libinit$$00000011) for __rt_lib_init_lc_collate_1
    libinit.o(.ARM.Collect$$libinit$$00000000) refers (Special) to libinit2.o(.ARM.Collect$$libinit$$00000013) for __rt_lib_init_lc_ctype_1
    libinit.o(.ARM.Collect$$libinit$$00000000) refers (Special) to libinit2.o(.ARM.Collect$$libinit$$00000015) for __rt_lib_init_lc_monetary_1
    libinit.o(.ARM.Collect$$libinit$$00000000) refers (Special) to libinit2.o(.ARM.Collect$$libinit$$00000017) for __rt_lib_init_lc_numeric_1
    libinit.o(.ARM.Collect$$libinit$$00000000) refers (Special) to libinit2.o(.ARM.Collect$$libinit$$00000019) for __rt_lib_init_lc_time_1
    libinit.o(.ARM.Collect$$libinit$$00000000) refers (Special) to libinit2.o(.ARM.Collect$$libinit$$00000004) for __rt_lib_init_preinit_1
    libinit.o(.ARM.Collect$$libinit$$00000000) refers (Special) to libinit2.o(.ARM.Collect$$libinit$$0000000E) for __rt_lib_init_rand_1
    libinit.o(.ARM.Collect$$libinit$$00000000) refers (Special) to libinit2.o(.ARM.Collect$$libinit$$00000033) for __rt_lib_init_return
    libinit.o(.ARM.Collect$$libinit$$00000000) refers (Special) to libinit2.o(.ARM.Collect$$libinit$$0000001D) for __rt_lib_init_signal_1
    libinit.o(.ARM.Collect$$libinit$$00000000) refers (Special) to libinit2.o(.ARM.Collect$$libinit$$00000025) for __rt_lib_init_stdio_1
    libinit.o(.ARM.Collect$$libinit$$00000000) refers (Special) to libinit2.o(.ARM.Collect$$libinit$$0000000C) for __rt_lib_init_user_alloc_1
    libspace.o(.text) refers to libspace.o(.bss) for __libspace_start
    rtexit.o(.ARM.Collect$$rtexit$$00000000) refers (Special) to rtexit2.o(.ARM.Collect$$rtexit$$00000004) for __rt_exit_exit
    rtexit.o(.ARM.Collect$$rtexit$$00000000) refers (Special) to rtexit2.o(.ARM.Collect$$rtexit$$00000003) for __rt_exit_ls
    rtexit.o(.ARM.Collect$$rtexit$$00000000) refers (Special) to rtexit2.o(.ARM.Collect$$rtexit$$00000002) for __rt_exit_prels_1
    rtexit.o(.ARM.exidx) refers (Special) to rtexit2.o(.ARM.Collect$$rtexit$$00000004) for __rt_exit_exit
    rtexit.o(.ARM.exidx) refers (Special) to rtexit2.o(.ARM.Collect$$rtexit$$00000003) for __rt_exit_ls
    rtexit.o(.ARM.exidx) refers (Special) to rtexit2.o(.ARM.Collect$$rtexit$$00000002) for __rt_exit_prels_1
    rtexit.o(.ARM.exidx) refers to rtexit.o(.ARM.Collect$$rtexit$$00000000) for .ARM.Collect$$rtexit$$00000000
    rt_raise.o(.text) refers to __raise.o(.text) for __raise
    rt_raise.o(.text) refers to sys_exit.o(.text) for _sys_exit
    defsig_exit.o(.text) refers to sys_exit.o(.text) for _sys_exit
    defsig_fpe_inner.o(.text) refers to defsig_general.o(.text) for __default_signal_display
    libinit2.o(.ARM.Collect$$libinit$$00000010) refers to libinit2.o(.ARM.Collect$$libinit$$0000000F) for .ARM.Collect$$libinit$$0000000F
    libinit2.o(.ARM.Collect$$libinit$$00000012) refers to libinit2.o(.ARM.Collect$$libinit$$0000000F) for .ARM.Collect$$libinit$$0000000F
    libinit2.o(.ARM.Collect$$libinit$$00000014) refers to libinit2.o(.ARM.Collect$$libinit$$0000000F) for .ARM.Collect$$libinit$$0000000F
    libinit2.o(.ARM.Collect$$libinit$$00000016) refers to libinit2.o(.ARM.Collect$$libinit$$0000000F) for .ARM.Collect$$libinit$$0000000F
    libinit2.o(.ARM.Collect$$libinit$$00000018) refers to libinit2.o(.ARM.Collect$$libinit$$0000000F) for .ARM.Collect$$libinit$$0000000F
    libinit2.o(.ARM.Collect$$libinit$$00000026) refers to argv_veneer.o(.text) for __ARM_argv_veneer
    libinit2.o(.ARM.Collect$$libinit$$00000027) refers to argv_veneer.o(.text) for __ARM_argv_veneer
    sys_exit.o(.text) refers (Special) to use_no_semi.o(.text) for __I$use$semihosting
    sys_exit.o(.text) refers (Special) to indicate_semi.o(.text) for __semihosting_library_function
    rtexit2.o(.ARM.Collect$$rtexit$$00000003) refers to libshutdown.o(.ARM.Collect$$libshutdown$$00000000) for __rt_lib_shutdown
    rtexit2.o(.ARM.Collect$$rtexit$$00000004) refers to sys_exit.o(.text) for _sys_exit
    rtexit2.o(.ARM.exidx) refers to rtexit2.o(.ARM.Collect$$rtexit$$00000001) for .ARM.Collect$$rtexit$$00000001
    rtexit2.o(.ARM.exidx) refers to rtexit2.o(.ARM.Collect$$rtexit$$00000003) for .ARM.Collect$$rtexit$$00000003
    rtexit2.o(.ARM.exidx) refers to rtexit2.o(.ARM.Collect$$rtexit$$00000004) for .ARM.Collect$$rtexit$$00000004
    __raise.o(.text) refers to defsig.o(CL$$defsig) for __default_signal_handler
    defsig_general.o(.text) refers to sys_wrch.o(.text) for _ttywrch
    sys_wrch.o(.text) refers (Special) to use_no_semi.o(.text) for __I$use$semihosting
    sys_wrch.o(.text) refers (Special) to indicate_semi.o(.text) for __semihosting_library_function
    defsig.o(CL$$defsig) refers to defsig_fpe_inner.o(.text) for __rt_SIGFPE_inner
    defsig.o(CL$$defsig) refers to defsig_rtmem_inner.o(.text) for __rt_SIGRTMEM_inner
    _get_argv_nomalloc.o(.text) refers (Special) to hrguard.o(.text) for __heap_region$guard
    _get_argv_nomalloc.o(.text) refers to defsig_rtmem_outer.o(.text) for __rt_SIGRTMEM
    _get_argv_nomalloc.o(.text) refers to sys_command.o(.text) for _sys_command_string
    libshutdown.o(.ARM.Collect$$libshutdown$$00000000) refers (Special) to libshutdown2.o(.ARM.Collect$$libshutdown$$00000002) for __rt_lib_shutdown_cpp_1
    libshutdown.o(.ARM.Collect$$libshutdown$$00000000) refers (Special) to libshutdown2.o(.ARM.Collect$$libshutdown$$00000007) for __rt_lib_shutdown_fp_trap_1
    libshutdown.o(.ARM.Collect$$libshutdown$$00000000) refers (Special) to libshutdown2.o(.ARM.Collect$$libshutdown$$0000000F) for __rt_lib_shutdown_heap_1
    libshutdown.o(.ARM.Collect$$libshutdown$$00000000) refers (Special) to libshutdown2.o(.ARM.Collect$$libshutdown$$00000010) for __rt_lib_shutdown_return
    libshutdown.o(.ARM.Collect$$libshutdown$$00000000) refers (Special) to libshutdown2.o(.ARM.Collect$$libshutdown$$0000000A) for __rt_lib_shutdown_signal_1
    libshutdown.o(.ARM.Collect$$libshutdown$$00000000) refers (Special) to libshutdown2.o(.ARM.Collect$$libshutdown$$00000004) for __rt_lib_shutdown_stdio_1
    libshutdown.o(.ARM.Collect$$libshutdown$$00000000) refers (Special) to libshutdown2.o(.ARM.Collect$$libshutdown$$0000000C) for __rt_lib_shutdown_user_alloc_1
    sys_command.o(.text) refers (Special) to use_no_semi.o(.text) for __I$use$semihosting
    sys_command.o(.text) refers (Special) to indicate_semi.o(.text) for __semihosting_library_function
    defsig_abrt_inner.o(.text) refers to defsig_general.o(.text) for __default_signal_display
    defsig_rtred_inner.o(.text) refers to defsig_general.o(.text) for __default_signal_display
    defsig_rtmem_inner.o(.text) refers to defsig_general.o(.text) for __default_signal_display
    defsig_rtmem_outer.o(.text) refers to defsig_rtmem_inner.o(.text) for __rt_SIGRTMEM_inner
    defsig_rtmem_outer.o(.text) refers to defsig_exit.o(.text) for __sig_exit
    defsig_rtmem_formal.o(.text) refers to rt_raise.o(.text) for __rt_raise
    defsig_stak_inner.o(.text) refers to defsig_general.o(.text) for __default_signal_display
    defsig_pvfn_inner.o(.text) refers to defsig_general.o(.text) for __default_signal_display
    defsig_cppl_inner.o(.text) refers to defsig_general.o(.text) for __default_signal_display
    defsig_segv_inner.o(.text) refers to defsig_general.o(.text) for __default_signal_display
    defsig_other.o(.text) refers to defsig_general.o(.text) for __default_signal_display


==============================================================================

Removing Unused input sections from the image.

    Removing system_lpc11xx.o(.emb_text), (8 bytes).
    Removing system_lpc11xx.o(i.SystemCoreClockUpdate), (484 bytes).
    Removing flashdev.o(.constdata), (4256 bytes).
    Removing flashprg.o(i.EraseChip), (100 bytes).
    Removing flashprg.o(i.Init), (56 bytes).
    Removing flashprg.o(i.UnInit), (6 bytes).
    Removing lpc11xx_uart.o(.emb_text), (8 bytes).
    Removing lpc11xx_uart.o(i.UART_DeInit), (20 bytes).
    Removing lpc11xx_uart.o(i.UART_GetLineStatus), (12 bytes).
    Removing lpc11xx_debug.o(.emb_text), (8 bytes).
    Removing lpc11xx_debug.o(i.DEBUGDataReady), (12 bytes).
    Removing lpc11xx_debug.o(i.DEBUGPutHex), (64 bytes).
    Removing lpc11xx_debug.o(i.DebugInit), (8 bytes).
    Removing bootloder.o(.emb_text), (8 bytes).
    Removing system_lpc11xx.o(i.__ARM_common_switch8), (28 bytes).

15 unused section(s) (total 5078 bytes) removed from the image.

==============================================================================

Adding Veneers to the image

    Adding TT veneer (12 bytes, Long) for call to '__rt_entry' from __main.o(!!!main).

1 Veneer(s) (total 12 bytes) added to the image.

==============================================================================

Image Symbol Table

    Local Symbols

    Symbol Name                              Value     Ov Type        Size  Object(Section)

    RESET                                    0x00000000   Section      192  startup_lpc11xx.o(RESET)
    ../clib/angel/boardlib.s                 0x00000000   Number         0  boardinit1.o ABSOLUTE
    ../clib/angel/boardlib.s                 0x00000000   Number         0  boardinit2.o ABSOLUTE
    ../clib/angel/boardlib.s                 0x00000000   Number         0  boardinit3.o ABSOLUTE
    ../clib/angel/boardlib.s                 0x00000000   Number         0  boardshut.o ABSOLUTE
    ../clib/angel/handlers.s                 0x00000000   Number         0  __scatter_zi.o ABSOLUTE
    ../clib/angel/handlers.s                 0x00000000   Number         0  __scatter_copy.o ABSOLUTE
    ../clib/angel/kernel.s                   0x00000000   Number         0  rtexit.o ABSOLUTE
    ../clib/angel/kernel.s                   0x00000000   Number         0  rtexit2.o ABSOLUTE
    ../clib/angel/kernel.s                   0x00000000   Number         0  __rtentry2.o ABSOLUTE
    ../clib/angel/kernel.s                   0x00000000   Number         0  __rtentry4.o ABSOLUTE
    ../clib/angel/kernel.s                   0x00000000   Number         0  __rtentry.o ABSOLUTE
    ../clib/angel/rt.s                       0x00000000   Number         0  aeabi_idiv0_sigfpe.o ABSOLUTE
    ../clib/angel/rt.s                       0x00000000   Number         0  aeabi_idiv0.o ABSOLUTE
    ../clib/angel/rt.s                       0x00000000   Number         0  rt_div0.o ABSOLUTE
    ../clib/angel/rt.s                       0x00000000   Number         0  rt_raise.o ABSOLUTE
    ../clib/angel/scatterp.s                 0x00000000   Number         0  __scatter.o ABSOLUTE
    ../clib/angel/startup.s                  0x00000000   Number         0  __main.o ABSOLUTE
    ../clib/angel/sys.s                      0x00000000   Number         0  use_no_semi.o ABSOLUTE
    ../clib/angel/sys.s                      0x00000000   Number         0  sys_stackheap_outer.o ABSOLUTE
    ../clib/angel/sys.s                      0x00000000   Number         0  indicate_semi.o ABSOLUTE
    ../clib/angel/sys.s                      0x00000000   Number         0  tempstk.o ABSOLUTE
    ../clib/angel/sys.s                      0x00000000   Number         0  libspace.o ABSOLUTE
    ../clib/angel/sysapp.c                   0x00000000   Number         0  sys_exit.o ABSOLUTE
    ../clib/angel/sysapp.c                   0x00000000   Number         0  sys_wrch.o ABSOLUTE
    ../clib/angel/sysapp.c                   0x00000000   Number         0  sys_command.o ABSOLUTE
    ../clib/armsys.c                         0x00000000   Number         0  argv_veneer.o ABSOLUTE
    ../clib/armsys.c                         0x00000000   Number         0  _get_argv_nomalloc.o ABSOLUTE
    ../clib/armsys.c                         0x00000000   Number         0  no_argv.o ABSOLUTE
    ../clib/division.s                       0x00000000   Number         0  aeabi_sdiv_div0.o ABSOLUTE
    ../clib/division.s                       0x00000000   Number         0  aeabi_sdiv.o ABSOLUTE
    ../clib/heapalloc.c                      0x00000000   Number         0  hrguard.o ABSOLUTE
    ../clib/heapaux.c                        0x00000000   Number         0  heapauxi.o ABSOLUTE
    ../clib/libinit.s                        0x00000000   Number         0  libshutdown.o ABSOLUTE
    ../clib/libinit.s                        0x00000000   Number         0  libshutdown2.o ABSOLUTE
    ../clib/libinit.s                        0x00000000   Number         0  libinit.o ABSOLUTE
    ../clib/libinit.s                        0x00000000   Number         0  libinit2.o ABSOLUTE
    ../clib/signal.c                         0x00000000   Number         0  defsig_stak_inner.o ABSOLUTE
    ../clib/signal.c                         0x00000000   Number         0  defsig_rtmem_outer.o ABSOLUTE
    ../clib/signal.c                         0x00000000   Number         0  defsig_rtmem_inner.o ABSOLUTE
    ../clib/signal.c                         0x00000000   Number         0  defsig_rtred_inner.o ABSOLUTE
    ../clib/signal.c                         0x00000000   Number         0  defsig_abrt_inner.o ABSOLUTE
    ../clib/signal.c                         0x00000000   Number         0  defsig_cppl_inner.o ABSOLUTE
    ../clib/signal.c                         0x00000000   Number         0  defsig_segv_inner.o ABSOLUTE
    ../clib/signal.c                         0x00000000   Number         0  defsig_other.o ABSOLUTE
    ../clib/signal.c                         0x00000000   Number         0  defsig_rtmem_formal.o ABSOLUTE
    ../clib/signal.c                         0x00000000   Number         0  defsig_fpe_formal.o ABSOLUTE
    ../clib/signal.c                         0x00000000   Number         0  defsig_fpe_outer.o ABSOLUTE
    ../clib/signal.c                         0x00000000   Number         0  defsig_exit.o ABSOLUTE
    ../clib/signal.c                         0x00000000   Number         0  defsig_general.o ABSOLUTE
    ../clib/signal.c                         0x00000000   Number         0  __raise.o ABSOLUTE
    ../clib/signal.c                         0x00000000   Number         0  defsig_fpe_inner.o ABSOLUTE
    ../clib/signal.c                         0x00000000   Number         0  defsig_pvfn_inner.o ABSOLUTE
    ../clib/signal.s                         0x00000000   Number         0  defsig.o ABSOLUTE
    ../clib/stdlib.c                         0x00000000   Number         0  exit.o ABSOLUTE
    ../fplib/cfplib/fpinit.c                 0x00000000   Number         0  fpinit.o ABSOLUTE
    ..\Core\Device\NXP\LPC11xx\Source\Templates\startup\arm\startup_LPC11xx.s 0x00000000   Number         0  startup_lpc11xx.o ABSOLUTE
    ..\Core\Device\NXP\LPC11xx\Source\Templates\system_LPC11xx.c 0x00000000   Number         0  system_lpc11xx.o ABSOLUTE
    ..\\Core\\Device\\NXP\\LPC11xx\\Source\\Templates\\system_LPC11xx.c 0x00000000   Number         0  system_lpc11xx.o ABSOLUTE
    ..\\drivers\\src\\LPC11xx_debug.c        0x00000000   Number         0  lpc11xx_debug.o ABSOLUTE
    ..\\drivers\\src\\LPC11xx_uart.c         0x00000000   Number         0  lpc11xx_uart.o ABSOLUTE
    ..\\main\\bootloder.c                    0x00000000   Number         0  bootloder.o ABSOLUTE
    ..\drivers\src\LPC11xx_debug.c           0x00000000   Number         0  lpc11xx_debug.o ABSOLUTE
    ..\drivers\src\LPC11xx_uart.c            0x00000000   Number         0  lpc11xx_uart.o ABSOLUTE
    ..\iap\src\FlashDev.c                    0x00000000   Number         0  flashdev.o ABSOLUTE
    ..\iap\src\FlashPrg.c                    0x00000000   Number         0  flashprg.o ABSOLUTE
    ..\main\bootloder.c                      0x00000000   Number         0  bootloder.o ABSOLUTE
    dc.s                                     0x00000000   Number         0  dc.o ABSOLUTE
    !!!main                                  0x000000c0   Section        8  __main.o(!!!main)
    !!!scatter                               0x000000c8   Section       60  __scatter.o(!!!scatter)
    !!handler_copy                           0x00000104   Section       26  __scatter_copy.o(!!handler_copy)
    !!handler_zi                             0x00000120   Section       28  __scatter_zi.o(!!handler_zi)
    .ARM.Collect$$libinit$$00000000          0x10000000   Section        2  libinit.o(.ARM.Collect$$libinit$$00000000)
    .ARM.Collect$$libinit$$00000002          0x10000002   Section        0  libinit2.o(.ARM.Collect$$libinit$$00000002)
    .ARM.Collect$$libinit$$00000004          0x10000002   Section        0  libinit2.o(.ARM.Collect$$libinit$$00000004)
    .ARM.Collect$$libinit$$0000000A          0x10000002   Section        0  libinit2.o(.ARM.Collect$$libinit$$0000000A)
    .ARM.Collect$$libinit$$0000000C          0x10000002   Section        0  libinit2.o(.ARM.Collect$$libinit$$0000000C)
    .ARM.Collect$$libinit$$0000000E          0x10000002   Section        0  libinit2.o(.ARM.Collect$$libinit$$0000000E)
    .ARM.Collect$$libinit$$00000011          0x10000002   Section        0  libinit2.o(.ARM.Collect$$libinit$$00000011)
    .ARM.Collect$$libinit$$00000013          0x10000002   Section        0  libinit2.o(.ARM.Collect$$libinit$$00000013)
    .ARM.Collect$$libinit$$00000015          0x10000002   Section        0  libinit2.o(.ARM.Collect$$libinit$$00000015)
    .ARM.Collect$$libinit$$00000017          0x10000002   Section        0  libinit2.o(.ARM.Collect$$libinit$$00000017)
    .ARM.Collect$$libinit$$00000019          0x10000002   Section        0  libinit2.o(.ARM.Collect$$libinit$$00000019)
    .ARM.Collect$$libinit$$0000001B          0x10000002   Section        0  libinit2.o(.ARM.Collect$$libinit$$0000001B)
    .ARM.Collect$$libinit$$0000001D          0x10000002   Section        0  libinit2.o(.ARM.Collect$$libinit$$0000001D)
    .ARM.Collect$$libinit$$0000001F          0x10000002   Section        0  libinit2.o(.ARM.Collect$$libinit$$0000001F)
    .ARM.Collect$$libinit$$00000021          0x10000002   Section        0  libinit2.o(.ARM.Collect$$libinit$$00000021)
    .ARM.Collect$$libinit$$00000023          0x10000002   Section        0  libinit2.o(.ARM.Collect$$libinit$$00000023)
    .ARM.Collect$$libinit$$00000025          0x10000002   Section        0  libinit2.o(.ARM.Collect$$libinit$$00000025)
    .ARM.Collect$$libinit$$0000002C          0x10000002   Section        0  libinit2.o(.ARM.Collect$$libinit$$0000002C)
    .ARM.Collect$$libinit$$0000002E          0x10000002   Section        0  libinit2.o(.ARM.Collect$$libinit$$0000002E)
    .ARM.Collect$$libinit$$00000030          0x10000002   Section        0  libinit2.o(.ARM.Collect$$libinit$$00000030)
    .ARM.Collect$$libinit$$00000032          0x10000002   Section        0  libinit2.o(.ARM.Collect$$libinit$$00000032)
    .ARM.Collect$$libinit$$00000033          0x10000002   Section        2  libinit2.o(.ARM.Collect$$libinit$$00000033)
    .ARM.Collect$$libshutdown$$00000000      0x10000004   Section        2  libshutdown.o(.ARM.Collect$$libshutdown$$00000000)
    .ARM.Collect$$libshutdown$$00000002      0x10000006   Section        0  libshutdown2.o(.ARM.Collect$$libshutdown$$00000002)
    .ARM.Collect$$libshutdown$$00000004      0x10000006   Section        0  libshutdown2.o(.ARM.Collect$$libshutdown$$00000004)
    .ARM.Collect$$libshutdown$$00000007      0x10000006   Section        0  libshutdown2.o(.ARM.Collect$$libshutdown$$00000007)
    .ARM.Collect$$libshutdown$$0000000A      0x10000006   Section        0  libshutdown2.o(.ARM.Collect$$libshutdown$$0000000A)
    .ARM.Collect$$libshutdown$$0000000C      0x10000006   Section        0  libshutdown2.o(.ARM.Collect$$libshutdown$$0000000C)
    .ARM.Collect$$libshutdown$$0000000F      0x10000006   Section        0  libshutdown2.o(.ARM.Collect$$libshutdown$$0000000F)
    .ARM.Collect$$libshutdown$$00000010      0x10000006   Section        2  libshutdown2.o(.ARM.Collect$$libshutdown$$00000010)
    .ARM.Collect$$rtentry$$00000000          0x10000008   Section        0  __rtentry.o(.ARM.Collect$$rtentry$$00000000)
    .ARM.Collect$$rtentry$$00000002          0x10000008   Section        0  __rtentry2.o(.ARM.Collect$$rtentry$$00000002)
    .ARM.Collect$$rtentry$$00000004          0x10000008   Section        6  __rtentry4.o(.ARM.Collect$$rtentry$$00000004)
    .ARM.Collect$$rtentry$$00000009          0x1000000e   Section        0  __rtentry2.o(.ARM.Collect$$rtentry$$00000009)
    .ARM.Collect$$rtentry$$0000000A          0x1000000e   Section        4  __rtentry2.o(.ARM.Collect$$rtentry$$0000000A)
    .ARM.Collect$$rtentry$$0000000C          0x10000012   Section        0  __rtentry2.o(.ARM.Collect$$rtentry$$0000000C)
    .ARM.Collect$$rtentry$$0000000D          0x10000012   Section        8  __rtentry2.o(.ARM.Collect$$rtentry$$0000000D)
    .ARM.Collect$$rtexit$$00000000           0x1000001a   Section        2  rtexit.o(.ARM.Collect$$rtexit$$00000000)
    .ARM.Collect$$rtexit$$00000002           0x1000001c   Section        0  rtexit2.o(.ARM.Collect$$rtexit$$00000002)
    .ARM.Collect$$rtexit$$00000003           0x1000001c   Section        4  rtexit2.o(.ARM.Collect$$rtexit$$00000003)
    .ARM.Collect$$rtexit$$00000004           0x10000020   Section        6  rtexit2.o(.ARM.Collect$$rtexit$$00000004)
    .text                                    0x10000028   Section       52  startup_lpc11xx.o(.text)
    .text                                    0x1000005c   Section      346  aeabi_sdiv.o(.text)
    .text                                    0x100001b6   Section        0  heapauxi.o(.text)
    .text                                    0x100001bc   Section       62  sys_stackheap_outer.o(.text)
    .text                                    0x100001fa   Section        0  exit.o(.text)
    .text                                    0x1000020c   Section        8  libspace.o(.text)
    .text                                    0x10000214   Section        0  sys_exit.o(.text)
    .text                                    0x10000220   Section        2  use_no_semi.o(.text)
    .text                                    0x10000222   Section        0  indicate_semi.o(.text)
    i.DEBUGGetChar                           0x10000222   Section        0  lpc11xx_debug.o(i.DEBUGGetChar)
    i.DEBUGPutChar                           0x10000236   Section        0  lpc11xx_debug.o(i.DEBUGPutChar)
    i.DEBUGPuts                              0x10000242   Section        0  lpc11xx_debug.o(i.DEBUGPuts)
    i.DEBUGPuts_                             0x10000258   Section        0  lpc11xx_debug.o(i.DEBUGPuts_)
    i.EraseSector                            0x10000270   Section        0  flashprg.o(i.EraseSector)
    i.GetSecNum                              0x100002d4   Section        0  flashprg.o(i.GetSecNum)
    i.ProgramPage                            0x100002dc   Section        0  flashprg.o(i.ProgramPage)
    i.SystemInit                             0x1000036c   Section        0  system_lpc11xx.o(i.SystemInit)
    i.UART_Init                              0x10000428   Section        0  lpc11xx_uart.o(i.UART_Init)
    i.UART_Receive                           0x100004b0   Section        0  lpc11xx_uart.o(i.UART_Receive)
    i.UART_ReveiveDown                       0x100004f8   Section        0  lpc11xx_uart.o(i.UART_ReveiveDown)
    i.UART_Send                              0x10000550   Section        0  lpc11xx_uart.o(i.UART_Send)
    i.UART_SetBaudrate                       0x100005a4   Section        0  lpc11xx_uart.o(i.UART_SetBaudrate)
    i.c_entry                                0x100005f0   Section        0  bootloder.o(i.c_entry)
    i.initAppBufData                         0x100006e4   Section        0  bootloder.o(i.initAppBufData)
    initAppBufData                           0x100006e5   Thumb Code    24  bootloder.o(i.initAppBufData)
    i.main                                   0x100006fc   Section        0  bootloder.o(i.main)
    i.print_menu                             0x10000700   Section        0  bootloder.o(i.print_menu)
    i.receiveAppData                         0x10000720   Section        0  bootloder.o(i.receiveAppData)
    receiveAppData                           0x10000721   Thumb Code    34  bootloder.o(i.receiveAppData)
    i.runNewApp                              0x10000742   Section        0  bootloder.o(i.runNewApp)
    runNewApp                                0x10000743   Thumb Code    14  bootloder.o(i.runNewApp)
    i.uploadApp                              0x10000750   Section        0  bootloder.o(i.uploadApp)
    uploadApp                                0x10000751   Thumb Code   152  bootloder.o(i.uploadApp)
    .conststring                             0x100007e8   Section      148  bootloder.o(.conststring)
    .data                                    0x1000087c   Section        4  system_lpc11xx.o(.data)
    .data                                    0x10000880   Section        4  flashprg.o(.data)
    .bss                                     0x10000884   Section       32  flashprg.o(.bss)
    .bss                                     0x100008a4   Section       96  libspace.o(.bss)
    HEAP                                     0x10000908   Section        0  startup_lpc11xx.o(HEAP)
    STACK                                    0x10000908   Section      512  startup_lpc11xx.o(STACK)
    Heap_Mem                                 0x10000908   Data           0  startup_lpc11xx.o(HEAP)
    Stack_Mem                                0x10000908   Data         512  startup_lpc11xx.o(STACK)
    __initial_sp                             0x10000b08   Data           0  startup_lpc11xx.o(STACK)

    Global Symbols

    Symbol Name                              Value     Ov Type        Size  Object(Section)

    BuildAttributes$$THM_ISAv3M$S$PE$A:L22$X:L11$S22$IEEE1$IW$USESV6$~STKCKD$USESV7$~SHL$OSPACE$ROPI$EBA8$UX$STANDARDLIB$REQ8$PRES8$EABIv2 0x00000000   Number         0  anon$$obj.o ABSOLUTE
    __ARM_use_no_argv                        0x00000000   Number         0  bootloder.o ABSOLUTE
    __Vectors                                0x00000000   Data           4  startup_lpc11xx.o(RESET)
    __ARM_exceptions_init                     - Undefined Weak Reference
    __alloca_initialize                       - Undefined Weak Reference
    __arm_preinit_                            - Undefined Weak Reference
    __cpp_initialize__aeabi_                  - Undefined Weak Reference
    __cxa_finalize                            - Undefined Weak Reference
    __rt_locale                               - Undefined Weak Reference
    __sigvec_lookup                           - Undefined Weak Reference
    _atexit_init                              - Undefined Weak Reference
    _call_atexit_fns                          - Undefined Weak Reference
    _clock_init                               - Undefined Weak Reference
    _fp_trap_init                             - Undefined Weak Reference
    _fp_trap_shutdown                         - Undefined Weak Reference
    _get_lc_collate                           - Undefined Weak Reference
    _get_lc_ctype                             - Undefined Weak Reference
    _get_lc_monetary                          - Undefined Weak Reference
    _get_lc_numeric                           - Undefined Weak Reference
    _get_lc_time                              - Undefined Weak Reference
    _getenv_init                              - Undefined Weak Reference
    _handle_redirection                       - Undefined Weak Reference
    _init_alloc                               - Undefined Weak Reference
    _init_user_alloc                          - Undefined Weak Reference
    _initio                                   - Undefined Weak Reference
    _rand_init                                - Undefined Weak Reference
    _signal_finish                            - Undefined Weak Reference
    _signal_init                              - Undefined Weak Reference
    _terminate_alloc                          - Undefined Weak Reference
    _terminate_user_alloc                     - Undefined Weak Reference
    _terminateio                              - Undefined Weak Reference
    __main                                   0x000000c1   Thumb Code     8  __main.o(!!!main)
    __scatterload                            0x000000c9   Thumb Code     0  __scatter.o(!!!scatter)
    __scatterload_rt2                        0x000000c9   Thumb Code    52  __scatter.o(!!!scatter)
    __scatterload_rt2_thumb_only             0x000000c9   Thumb Code     0  __scatter.o(!!!scatter)
    __scatterload_null                       0x000000d9   Thumb Code     0  __scatter.o(!!!scatter)
    __scatterload_copy                       0x00000105   Thumb Code    26  __scatter_copy.o(!!handler_copy)
    __scatterload_zeroinit                   0x00000121   Thumb Code    28  __scatter_zi.o(!!handler_zi)
    Long Thumb to Thumb Veneer to __rt_entry 0x0000013d   Thumb Code    12  anon$$obj.o(Veneer$$Code)
    Region$$Table$$Base                      0x00000148   Number         0  anon$$obj.o(Region$$Table)
    Region$$Table$$Limit                     0x00000178   Number         0  anon$$obj.o(Region$$Table)
    __rt_lib_init                            0x10000001   Thumb Code     0  libinit.o(.ARM.Collect$$libinit$$00000000)
    __rt_lib_init_alloca_1                   0x10000003   Thumb Code     0  libinit2.o(.ARM.Collect$$libinit$$0000002E)
    __rt_lib_init_argv_1                     0x10000003   Thumb Code     0  libinit2.o(.ARM.Collect$$libinit$$0000002C)
    __rt_lib_init_atexit_1                   0x10000003   Thumb Code     0  libinit2.o(.ARM.Collect$$libinit$$0000001B)
    __rt_lib_init_clock_1                    0x10000003   Thumb Code     0  libinit2.o(.ARM.Collect$$libinit$$00000021)
    __rt_lib_init_cpp_1                      0x10000003   Thumb Code     0  libinit2.o(.ARM.Collect$$libinit$$00000032)
    __rt_lib_init_exceptions_1               0x10000003   Thumb Code     0  libinit2.o(.ARM.Collect$$libinit$$00000030)
    __rt_lib_init_fp_1                       0x10000003   Thumb Code     0  libinit2.o(.ARM.Collect$$libinit$$00000002)
    __rt_lib_init_fp_trap_1                  0x10000003   Thumb Code     0  libinit2.o(.ARM.Collect$$libinit$$0000001F)
    __rt_lib_init_getenv_1                   0x10000003   Thumb Code     0  libinit2.o(.ARM.Collect$$libinit$$00000023)
    __rt_lib_init_heap_1                     0x10000003   Thumb Code     0  libinit2.o(.ARM.Collect$$libinit$$0000000A)
    __rt_lib_init_lc_collate_1               0x10000003   Thumb Code     0  libinit2.o(.ARM.Collect$$libinit$$00000011)
    __rt_lib_init_lc_ctype_1                 0x10000003   Thumb Code     0  libinit2.o(.ARM.Collect$$libinit$$00000013)
    __rt_lib_init_lc_monetary_1              0x10000003   Thumb Code     0  libinit2.o(.ARM.Collect$$libinit$$00000015)
    __rt_lib_init_lc_numeric_1               0x10000003   Thumb Code     0  libinit2.o(.ARM.Collect$$libinit$$00000017)
    __rt_lib_init_lc_time_1                  0x10000003   Thumb Code     0  libinit2.o(.ARM.Collect$$libinit$$00000019)
    __rt_lib_init_preinit_1                  0x10000003   Thumb Code     0  libinit2.o(.ARM.Collect$$libinit$$00000004)
    __rt_lib_init_rand_1                     0x10000003   Thumb Code     0  libinit2.o(.ARM.Collect$$libinit$$0000000E)
    __rt_lib_init_return                     0x10000003   Thumb Code     0  libinit2.o(.ARM.Collect$$libinit$$00000033)
    __rt_lib_init_signal_1                   0x10000003   Thumb Code     0  libinit2.o(.ARM.Collect$$libinit$$0000001D)
    __rt_lib_init_stdio_1                    0x10000003   Thumb Code     0  libinit2.o(.ARM.Collect$$libinit$$00000025)
    __rt_lib_init_user_alloc_1               0x10000003   Thumb Code     0  libinit2.o(.ARM.Collect$$libinit$$0000000C)
    __rt_lib_shutdown                        0x10000005   Thumb Code     0  libshutdown.o(.ARM.Collect$$libshutdown$$00000000)
    __rt_lib_shutdown_cpp_1                  0x10000007   Thumb Code     0  libshutdown2.o(.ARM.Collect$$libshutdown$$00000002)
    __rt_lib_shutdown_fp_trap_1              0x10000007   Thumb Code     0  libshutdown2.o(.ARM.Collect$$libshutdown$$00000007)
    __rt_lib_shutdown_heap_1                 0x10000007   Thumb Code     0  libshutdown2.o(.ARM.Collect$$libshutdown$$0000000F)
    __rt_lib_shutdown_return                 0x10000007   Thumb Code     0  libshutdown2.o(.ARM.Collect$$libshutdown$$00000010)
    __rt_lib_shutdown_signal_1               0x10000007   Thumb Code     0  libshutdown2.o(.ARM.Collect$$libshutdown$$0000000A)
    __rt_lib_shutdown_stdio_1                0x10000007   Thumb Code     0  libshutdown2.o(.ARM.Collect$$libshutdown$$00000004)
    __rt_lib_shutdown_user_alloc_1           0x10000007   Thumb Code     0  libshutdown2.o(.ARM.Collect$$libshutdown$$0000000C)
    __rt_entry                               0x10000009   Thumb Code     0  __rtentry.o(.ARM.Collect$$rtentry$$00000000)
    __rt_entry_presh_1                       0x10000009   Thumb Code     0  __rtentry2.o(.ARM.Collect$$rtentry$$00000002)
    __rt_entry_sh                            0x10000009   Thumb Code     0  __rtentry4.o(.ARM.Collect$$rtentry$$00000004)
    __rt_entry_li                            0x1000000f   Thumb Code     0  __rtentry2.o(.ARM.Collect$$rtentry$$0000000A)
    __rt_entry_postsh_1                      0x1000000f   Thumb Code     0  __rtentry2.o(.ARM.Collect$$rtentry$$00000009)
    __rt_entry_main                          0x10000013   Thumb Code     0  __rtentry2.o(.ARM.Collect$$rtentry$$0000000D)
    __rt_entry_postli_1                      0x10000013   Thumb Code     0  __rtentry2.o(.ARM.Collect$$rtentry$$0000000C)
    __rt_exit                                0x1000001b   Thumb Code     0  rtexit.o(.ARM.Collect$$rtexit$$00000000)
    __rt_exit_ls                             0x1000001d   Thumb Code     0  rtexit2.o(.ARM.Collect$$rtexit$$00000003)
    __rt_exit_prels_1                        0x1000001d   Thumb Code     0  rtexit2.o(.ARM.Collect$$rtexit$$00000002)
    __rt_exit_exit                           0x10000021   Thumb Code     0  rtexit2.o(.ARM.Collect$$rtexit$$00000004)
    Reset_Handler                            0x10000029   Thumb Code     8  startup_lpc11xx.o(.text)
    NMI_Handler                              0x10000031   Thumb Code     2  startup_lpc11xx.o(.text)
    HardFault_Handler                        0x10000033   Thumb Code     2  startup_lpc11xx.o(.text)
    SVC_Handler                              0x10000035   Thumb Code     2  startup_lpc11xx.o(.text)
    PendSV_Handler                           0x10000037   Thumb Code     2  startup_lpc11xx.o(.text)
    SysTick_Handler                          0x10000039   Thumb Code     2  startup_lpc11xx.o(.text)
    ADC_IRQHandler                           0x1000003b   Thumb Code     0  startup_lpc11xx.o(.text)
    BOD_IRQHandler                           0x1000003b   Thumb Code     0  startup_lpc11xx.o(.text)
    I2C_IRQHandler                           0x1000003b   Thumb Code     0  startup_lpc11xx.o(.text)
    PIOINT0_IRQHandler                       0x1000003b   Thumb Code     0  startup_lpc11xx.o(.text)
    PIOINT1_IRQHandler                       0x1000003b   Thumb Code     0  startup_lpc11xx.o(.text)
    PIOINT2_IRQHandler                       0x1000003b   Thumb Code     0  startup_lpc11xx.o(.text)
    PIOINT3_IRQHandler                       0x1000003b   Thumb Code     0  startup_lpc11xx.o(.text)
    SSP0_IRQHandler                          0x1000003b   Thumb Code     0  startup_lpc11xx.o(.text)
    SSP1_IRQHandler                          0x1000003b   Thumb Code     0  startup_lpc11xx.o(.text)
    TIMER16_0_IRQHandler                     0x1000003b   Thumb Code     0  startup_lpc11xx.o(.text)
    TIMER16_1_IRQHandler                     0x1000003b   Thumb Code     0  startup_lpc11xx.o(.text)
    TIMER32_0_IRQHandler                     0x1000003b   Thumb Code     0  startup_lpc11xx.o(.text)
    TIMER32_1_IRQHandler                     0x1000003b   Thumb Code     0  startup_lpc11xx.o(.text)
    UART_IRQHandler                          0x1000003b   Thumb Code     0  startup_lpc11xx.o(.text)
    WAKEUP_IRQHandler                        0x1000003b   Thumb Code     0  startup_lpc11xx.o(.text)
    WDT_IRQHandler                           0x1000003b   Thumb Code     0  startup_lpc11xx.o(.text)
    __user_initial_stackheap                 0x1000003d   Thumb Code     0  startup_lpc11xx.o(.text)
    __aeabi_uidiv                            0x1000005d   Thumb Code     0  aeabi_sdiv.o(.text)
    __aeabi_uidivmod                         0x1000005d   Thumb Code    20  aeabi_sdiv.o(.text)
    __aeabi_idiv                             0x10000071   Thumb Code     0  aeabi_sdiv.o(.text)
    __aeabi_idivmod                          0x10000071   Thumb Code   326  aeabi_sdiv.o(.text)
    __use_two_region_memory                  0x100001b7   Thumb Code     2  heapauxi.o(.text)
    __rt_heap_escrow$2region                 0x100001b9   Thumb Code     2  heapauxi.o(.text)
    __rt_heap_expand$2region                 0x100001bb   Thumb Code     2  heapauxi.o(.text)
    __user_setup_stackheap                   0x100001bd   Thumb Code    62  sys_stackheap_outer.o(.text)
    exit                                     0x100001fb   Thumb Code    16  exit.o(.text)
    __user_libspace                          0x1000020d   Thumb Code     8  libspace.o(.text)
    __user_perproc_libspace                  0x1000020d   Thumb Code     0  libspace.o(.text)
    __user_perthread_libspace                0x1000020d   Thumb Code     0  libspace.o(.text)
    _sys_exit                                0x10000215   Thumb Code     8  sys_exit.o(.text)
    __I$use$semihosting                      0x10000221   Thumb Code     0  use_no_semi.o(.text)
    __use_no_semihosting_swi                 0x10000221   Thumb Code     2  use_no_semi.o(.text)
    DEBUGGetChar                             0x10000223   Thumb Code    20  lpc11xx_debug.o(i.DEBUGGetChar)
    __semihosting_library_function           0x10000223   Thumb Code     0  indicate_semi.o(.text)
    DEBUGPutChar                             0x10000237   Thumb Code    12  lpc11xx_debug.o(i.DEBUGPutChar)
    DEBUGPuts                                0x10000243   Thumb Code    22  lpc11xx_debug.o(i.DEBUGPuts)
    DEBUGPuts_                               0x10000259   Thumb Code    18  lpc11xx_debug.o(i.DEBUGPuts_)
    EraseSector                              0x10000271   Thumb Code    86  flashprg.o(i.EraseSector)
    GetSecNum                                0x100002d5   Thumb Code     6  flashprg.o(i.GetSecNum)
    ProgramPage                              0x100002dd   Thumb Code   130  flashprg.o(i.ProgramPage)
    SystemInit                               0x1000036d   Thumb Code   176  system_lpc11xx.o(i.SystemInit)
    UART_Init                                0x10000429   Thumb Code   122  lpc11xx_uart.o(i.UART_Init)
    UART_Receive                             0x100004b1   Thumb Code    68  lpc11xx_uart.o(i.UART_Receive)
    UART_ReveiveDown                         0x100004f9   Thumb Code    80  lpc11xx_uart.o(i.UART_ReveiveDown)
    UART_Send                                0x10000551   Thumb Code    80  lpc11xx_uart.o(i.UART_Send)
    UART_SetBaudrate                         0x100005a5   Thumb Code    64  lpc11xx_uart.o(i.UART_SetBaudrate)
    c_entry                                  0x100005f1   Thumb Code   128  bootloder.o(i.c_entry)
    main                                     0x100006fd   Thumb Code     4  bootloder.o(i.main)
    print_menu                               0x10000701   Thumb Code    16  bootloder.o(i.print_menu)
    SystemCoreClock                          0x1000087c   Data           4  system_lpc11xx.o(.data)
    CCLK                                     0x10000880   Data           4  flashprg.o(.data)
    IAP                                      0x10000884   Data          32  flashprg.o(.bss)
    __libspace_start                         0x100008a4   Data          96  libspace.o(.bss)
    __temporary_stack_top$libspace           0x10000904   Data           0  libspace.o(.bss)



==============================================================================

Memory Map of the image

  Image Entry point : 0x000000c1

  Load Region LR_IROM1 (Base: 0x00000000, Size: 0x000009fc, Max: 0x00001000, ABSOLUTE)

    Execution Region ER_IROM1 (Base: 0x00000000, Size: 0x00000178, Max: 0x00001000, ABSOLUTE)

    Base Addr    Size         Type   Attr      Idx    E Section Name        Object

    0x00000000   0x000000c0   Data   RO            3    RESET               startup_lpc11xx.o
    0x000000c0   0x00000008   Code   RO          307  * !!!main             c_p.l(__main.o)
    0x000000c8   0x0000003c   Code   RO          476    !!!scatter          c_p.l(__scatter.o)
    0x00000104   0x0000001a   Code   RO          478    !!handler_copy      c_p.l(__scatter_copy.o)
    0x0000011e   0x00000002   PAD
    0x00000120   0x0000001c   Code   RO          480    !!handler_zi        c_p.l(__scatter_zi.o)
    0x0000013c   0x0000000c   Ven    RO          482    Veneer$$Code        anon$$obj.o
    0x00000148   0x00000030   Data   RO          474    Region$$Table       anon$$obj.o


    Execution Region RW_IRAM1 (Base: 0x10000000, Size: 0x00000b08, Max: 0x10002000, ABSOLUTE)

    Base Addr    Size         Type   Attr      Idx    E Section Name        Object

    0x10000000   0x00000002   Code   RO          345    .ARM.Collect$$libinit$$00000000  c_p.l(libinit.o)
    0x10000002   0x00000000   Code   RO          359    .ARM.Collect$$libinit$$00000002  c_p.l(libinit2.o)
    0x10000002   0x00000000   Code   RO          361    .ARM.Collect$$libinit$$00000004  c_p.l(libinit2.o)
    0x10000002   0x00000000   Code   RO          364    .ARM.Collect$$libinit$$0000000A  c_p.l(libinit2.o)
    0x10000002   0x00000000   Code   RO          366    .ARM.Collect$$libinit$$0000000C  c_p.l(libinit2.o)
    0x10000002   0x00000000   Code   RO          368    .ARM.Collect$$libinit$$0000000E  c_p.l(libinit2.o)
    0x10000002   0x00000000   Code   RO          371    .ARM.Collect$$libinit$$00000011  c_p.l(libinit2.o)
    0x10000002   0x00000000   Code   RO          373    .ARM.Collect$$libinit$$00000013  c_p.l(libinit2.o)
    0x10000002   0x00000000   Code   RO          375    .ARM.Collect$$libinit$$00000015  c_p.l(libinit2.o)
    0x10000002   0x00000000   Code   RO          377    .ARM.Collect$$libinit$$00000017  c_p.l(libinit2.o)
    0x10000002   0x00000000   Code   RO          379    .ARM.Collect$$libinit$$00000019  c_p.l(libinit2.o)
    0x10000002   0x00000000   Code   RO          381    .ARM.Collect$$libinit$$0000001B  c_p.l(libinit2.o)
    0x10000002   0x00000000   Code   RO          383    .ARM.Collect$$libinit$$0000001D  c_p.l(libinit2.o)
    0x10000002   0x00000000   Code   RO          385    .ARM.Collect$$libinit$$0000001F  c_p.l(libinit2.o)
    0x10000002   0x00000000   Code   RO          387    .ARM.Collect$$libinit$$00000021  c_p.l(libinit2.o)
    0x10000002   0x00000000   Code   RO          389    .ARM.Collect$$libinit$$00000023  c_p.l(libinit2.o)
    0x10000002   0x00000000   Code   RO          391    .ARM.Collect$$libinit$$00000025  c_p.l(libinit2.o)
    0x10000002   0x00000000   Code   RO          395    .ARM.Collect$$libinit$$0000002C  c_p.l(libinit2.o)
    0x10000002   0x00000000   Code   RO          397    .ARM.Collect$$libinit$$0000002E  c_p.l(libinit2.o)
    0x10000002   0x00000000   Code   RO          399    .ARM.Collect$$libinit$$00000030  c_p.l(libinit2.o)
    0x10000002   0x00000000   Code   RO          401    .ARM.Collect$$libinit$$00000032  c_p.l(libinit2.o)
    0x10000002   0x00000002   Code   RO          402    .ARM.Collect$$libinit$$00000033  c_p.l(libinit2.o)
    0x10000004   0x00000002   Code   RO          433    .ARM.Collect$$libshutdown$$00000000  c_p.l(libshutdown.o)
    0x10000006   0x00000000   Code   RO          459    .ARM.Collect$$libshutdown$$00000002  c_p.l(libshutdown2.o)
    0x10000006   0x00000000   Code   RO          461    .ARM.Collect$$libshutdown$$00000004  c_p.l(libshutdown2.o)
    0x10000006   0x00000000   Code   RO          464    .ARM.Collect$$libshutdown$$00000007  c_p.l(libshutdown2.o)
    0x10000006   0x00000000   Code   RO          467    .ARM.Collect$$libshutdown$$0000000A  c_p.l(libshutdown2.o)
    0x10000006   0x00000000   Code   RO          469    .ARM.Collect$$libshutdown$$0000000C  c_p.l(libshutdown2.o)
    0x10000006   0x00000000   Code   RO          472    .ARM.Collect$$libshutdown$$0000000F  c_p.l(libshutdown2.o)
    0x10000006   0x00000002   Code   RO          473    .ARM.Collect$$libshutdown$$00000010  c_p.l(libshutdown2.o)
    0x10000008   0x00000000   Code   RO          309    .ARM.Collect$$rtentry$$00000000  c_p.l(__rtentry.o)
    0x10000008   0x00000000   Code   RO          315    .ARM.Collect$$rtentry$$00000002  c_p.l(__rtentry2.o)
    0x10000008   0x00000006   Code   RO          327    .ARM.Collect$$rtentry$$00000004  c_p.l(__rtentry4.o)
    0x1000000e   0x00000000   Code   RO          317    .ARM.Collect$$rtentry$$00000009  c_p.l(__rtentry2.o)
    0x1000000e   0x00000004   Code   RO          318    .ARM.Collect$$rtentry$$0000000A  c_p.l(__rtentry2.o)
    0x10000012   0x00000000   Code   RO          320    .ARM.Collect$$rtentry$$0000000C  c_p.l(__rtentry2.o)
    0x10000012   0x00000008   Code   RO          321    .ARM.Collect$$rtentry$$0000000D  c_p.l(__rtentry2.o)
    0x1000001a   0x00000002   Code   RO          350    .ARM.Collect$$rtexit$$00000000  c_p.l(rtexit.o)
    0x1000001c   0x00000000   Code   RO          406    .ARM.Collect$$rtexit$$00000002  c_p.l(rtexit2.o)
    0x1000001c   0x00000004   Code   RO          407    .ARM.Collect$$rtexit$$00000003  c_p.l(rtexit2.o)
    0x10000020   0x00000006   Code   RO          408    .ARM.Collect$$rtexit$$00000004  c_p.l(rtexit2.o)
    0x10000026   0x00000002   PAD
    0x10000028   0x00000034   Code   RO            4    .text               startup_lpc11xx.o
    0x1000005c   0x0000015a   Code   RO          301    .text               c_p.l(aeabi_sdiv.o)
    0x100001b6   0x00000006   Code   RO          305    .text               c_p.l(heapauxi.o)
    0x100001bc   0x0000003e   Code   RO          331    .text               c_p.l(sys_stackheap_outer.o)
    0x100001fa   0x00000010   Code   RO          334    .text               c_p.l(exit.o)
    0x1000020a   0x00000002   PAD
    0x1000020c   0x00000008   Code   RO          346    .text               c_p.l(libspace.o)
    0x10000214   0x0000000c   Code   RO          403    .text               c_p.l(sys_exit.o)
    0x10000220   0x00000002   Code   RO          422    .text               c_p.l(use_no_semi.o)
    0x10000222   0x00000000   Code   RO          424    .text               c_p.l(indicate_semi.o)
    0x10000222   0x00000014   Code   RO          178    i.DEBUGGetChar      lpc11xx_debug.o
    0x10000236   0x0000000c   Code   RO          179    i.DEBUGPutChar      lpc11xx_debug.o
    0x10000242   0x00000016   Code   RO          181    i.DEBUGPuts         lpc11xx_debug.o
    0x10000258   0x00000018   Code   RO          182    i.DEBUGPuts_        lpc11xx_debug.o
    0x10000270   0x00000064   Code   RO           69    i.EraseSector       flashprg.o
    0x100002d4   0x00000006   Code   RO           70    i.GetSecNum         flashprg.o
    0x100002da   0x00000002   PAD
    0x100002dc   0x00000090   Code   RO           72    i.ProgramPage       flashprg.o
    0x1000036c   0x000000bc   Code   RO           12    i.SystemInit        system_lpc11xx.o
    0x10000428   0x00000088   Code   RO          117    i.UART_Init         lpc11xx_uart.o
    0x100004b0   0x00000048   Code   RO          118    i.UART_Receive      lpc11xx_uart.o
    0x100004f8   0x00000058   Code   RO          119    i.UART_ReveiveDown  lpc11xx_uart.o
    0x10000550   0x00000054   Code   RO          120    i.UART_Send         lpc11xx_uart.o
    0x100005a4   0x0000004c   Code   RO          121    i.UART_SetBaudrate  lpc11xx_uart.o
    0x100005f0   0x000000f4   Code   RO          235    i.c_entry           bootloder.o
    0x100006e4   0x00000018   Code   RO          236    i.initAppBufData    bootloder.o
    0x100006fc   0x00000004   Code   RO          237    i.main              bootloder.o
    0x10000700   0x00000020   Code   RO          238    i.print_menu        bootloder.o
    0x10000720   0x00000022   Code   RO          239    i.receiveAppData    bootloder.o
    0x10000742   0x0000000e   Code   RO          240    i.runNewApp         bootloder.o
    0x10000750   0x00000098   Code   RO          241    i.uploadApp         bootloder.o
    0x100007e8   0x00000094   Data   RO          242    .conststring        bootloder.o
    0x1000087c   0x00000004   Data   RW           13    .data               system_lpc11xx.o
    0x10000880   0x00000004   Data   RW           75    .data               flashprg.o
    0x10000884   0x00000020   Zero   RW           74    .bss                flashprg.o
    0x100008a4   0x00000060   Zero   RW          347    .bss                c_p.l(libspace.o)
    0x10000904   0x00000004   PAD
    0x10000908   0x00000000   Zero   RW            2    HEAP                startup_lpc11xx.o
    0x10000908   0x00000200   Zero   RW            1    STACK               startup_lpc11xx.o


==============================================================================

Image component sizes


      Code (inc. data)   RO Data    RW Data    ZI Data      Debug   Object Name

       504        132        148          0          0       4663   bootloder.o
       250         28          0          4         32       2811   flashprg.o
        78          6          0          0          0       2275   lpc11xx_debug.o
       456         42          0          0          0       3433   lpc11xx_uart.o
        52         22        192          0        512        724   startup_lpc11xx.o
       188         12          0          4          0       5383   system_lpc11xx.o

    ----------------------------------------------------------------------
      1542        246        388          8        544      19289   Object Totals
        12          4         48          0          0          0   (incl. Generated)
         2          0          0          0          0          0   (incl. Padding)

    ----------------------------------------------------------------------

      Code (inc. data)   RO Data    RW Data    ZI Data      Debug   Library Member Name

         8          0          0          0          0         68   __main.o
         0          0          0          0          0          0   __rtentry.o
        12          0          0          0          0          0   __rtentry2.o
         6          0          0          0          0          0   __rtentry4.o
        60          8          0          0          0          0   __scatter.o
        26          0          0          0          0          0   __scatter_copy.o
        28          0          0          0          0          0   __scatter_zi.o
       346          0          0          0          0         92   aeabi_sdiv.o
        16          0          0          0          0         68   exit.o
         6          0          0          0          0        136   heapauxi.o
         0          0          0          0          0          0   indicate_semi.o
         2          0          0          0          0          0   libinit.o
         2          0          0          0          0          0   libinit2.o
         2          0          0          0          0          0   libshutdown.o
         2          0          0          0          0          0   libshutdown2.o
         8          4          0          0         96         68   libspace.o
         2          0          0          0          0          0   rtexit.o
        10          0          0          0          0          0   rtexit2.o
        12          4          0          0          0         60   sys_exit.o
        62          0          0          0          0         80   sys_stackheap_outer.o
         2          0          0          0          0         68   use_no_semi.o

    ----------------------------------------------------------------------
       618         16          0          0        100        640   Library Totals
         6          0          0          0          4          0   (incl. Padding)

    ----------------------------------------------------------------------

      Code (inc. data)   RO Data    RW Data    ZI Data      Debug   Library Name

       612         16          0          0         96        640   c_p.l

    ----------------------------------------------------------------------
       618         16          0          0        100        640   Library Totals

    ----------------------------------------------------------------------

==============================================================================


      Code (inc. data)   RO Data    RW Data    ZI Data      Debug   

      2160        262        388          8        644      18949   Grand Totals
      2160        262        388          8        644      18949   ELF Image Totals
      2160        262        388          8          0          0   ROM Totals

==============================================================================

    Total RO  Size (Code + RO Data)                 2548 (   2.49kB)
    Total RW  Size (RW Data + ZI Data)               652 (   0.64kB)
    Total ROM Size (Code + RO Data + RW Data)       2556 (   2.50kB)

==============================================================================

